Archive member included to satisfy reference by file (symbol)

.\CortexM3\ARM_GCC_541\Debug\PSOC_Racimo_Storm.a(Mixer.o)
                              .\CortexM3\ARM_GCC_541\Debug\main.o (Mixer_SetPower)
.\CortexM3\ARM_GCC_541\Debug\PSOC_Racimo_Storm.a(CyLib.o)
                              .\CortexM3\ARM_GCC_541\Debug\Cm3Start.o (CyHalt)
.\CortexM3\ARM_GCC_541\Debug\PSOC_Racimo_Storm.a(cyPm.o)
                              .\CortexM3\ARM_GCC_541\Debug\PSOC_Racimo_Storm.a(CyLib.o) (CyPmReadStatus)
.\CortexM3\ARM_GCC_541\Debug\PSOC_Racimo_Storm.a(EZI2C.o)
                              .\CortexM3\ARM_GCC_541\Debug\main.o (EZI2C_Start)
.\CortexM3\ARM_GCC_541\Debug\PSOC_Racimo_Storm.a(EZI2C_PM.o)
                              .\CortexM3\ARM_GCC_541\Debug\PSOC_Racimo_Storm.a(EZI2C.o) (EZI2C_backup)
.\CortexM3\ARM_GCC_541\Debug\PSOC_Racimo_Storm.a(EZI2C_INT.o)
                              .\CortexM3\ARM_GCC_541\Debug\PSOC_Racimo_Storm.a(EZI2C.o) (EZI2C_ISR)
.\CortexM3\ARM_GCC_541\Debug\PSOC_Racimo_Storm.a(ADC.o)
                              .\CortexM3\ARM_GCC_541\Debug\main.o (ADC_Start)
.\CortexM3\ARM_GCC_541\Debug\PSOC_Racimo_Storm.a(ADC_INT.o)
                              .\CortexM3\ARM_GCC_541\Debug\PSOC_Racimo_Storm.a(ADC.o) (ADC_ISR1)
.\CortexM3\ARM_GCC_541\Debug\PSOC_Racimo_Storm.a(ADC_AMux.o)
                              .\CortexM3\ARM_GCC_541\Debug\PSOC_Racimo_Storm.a(ADC.o) (ADC_AMux_Select)
.\CortexM3\ARM_GCC_541\Debug\PSOC_Racimo_Storm.a(ADC_Ext_CP_Clk.o)
                              .\CortexM3\ARM_GCC_541\Debug\PSOC_Racimo_Storm.a(ADC.o) (ADC_Ext_CP_Clk_SetModeRegister)
.\CortexM3\ARM_GCC_541\Debug\PSOC_Racimo_Storm.a(ADC_theACLK.o)
                              .\CortexM3\ARM_GCC_541\Debug\PSOC_Racimo_Storm.a(ADC.o) (ADC_theACLK_SetModeRegister)
.\CortexM3\ARM_GCC_541\Debug\PSOC_Racimo_Storm.a(CyBootAsmGnu.o)
                              .\CortexM3\ARM_GCC_541\Debug\cyfitter_cfg.o (CyDelayCycles)
.\CortexM3\ARM_GCC_541\Debug\PSOC_Racimo_Storm.a(CyFlash.o)
                              .\CortexM3\ARM_GCC_541\Debug\PSOC_Racimo_Storm.a(cyPm.o) (CyFlash_SetWaitCycles)
.\CortexM3\ARM_GCC_541\Debug\PSOC_Racimo_Storm.a(CySpc.o)
                              .\CortexM3\ARM_GCC_541\Debug\PSOC_Racimo_Storm.a(CyFlash.o) (CySpcStart)
c:/program files (x86)/cypress/psoc creator/4.2/psoc creator/import/gnu/arm/5.4.1/bin/../lib/gcc/arm-none-eabi/5.4.1/armv7-m\libgcc.a(_arm_addsubdf3.o)
                              .\CortexM3\ARM_GCC_541\Debug\PSOC_Racimo_Storm.a(ADC.o) (__aeabi_f2d)
c:/program files (x86)/cypress/psoc creator/4.2/psoc creator/import/gnu/arm/5.4.1/bin/../lib/gcc/arm-none-eabi/5.4.1/armv7-m\libgcc.a(_arm_cmpdf2.o)
                              .\CortexM3\ARM_GCC_541\Debug\PSOC_Racimo_Storm.a(ADC.o) (__aeabi_dcmpgt)
c:/program files (x86)/cypress/psoc creator/4.2/psoc creator/import/gnu/arm/5.4.1/bin/../lib/gcc/arm-none-eabi/5.4.1/armv7-m\libgcc.a(_arm_addsubsf3.o)
                              .\CortexM3\ARM_GCC_541\Debug\PSOC_Racimo_Storm.a(ADC.o) (__aeabi_ui2f)
c:/program files (x86)/cypress/psoc creator/4.2/psoc creator/import/gnu/arm/5.4.1/bin/../lib/gcc/arm-none-eabi/5.4.1/armv7-m\libgcc.a(_arm_muldivsf3.o)
                              .\CortexM3\ARM_GCC_541\Debug\PSOC_Racimo_Storm.a(ADC.o) (__aeabi_fmul)
c:/program files (x86)/cypress/psoc creator/4.2/psoc creator/import/gnu/arm/5.4.1/bin/../lib/gcc/arm-none-eabi/5.4.1/armv7-m\libgcc.a(_arm_fixunssfsi.o)
                              .\CortexM3\ARM_GCC_541\Debug\PSOC_Racimo_Storm.a(ADC.o) (__aeabi_f2uiz)
c:/program files (x86)/cypress/psoc creator/4.2/psoc creator/import/gnu/arm/5.4.1/bin/../lib/gcc/arm-none-eabi/5.4.1/../../../../arm-none-eabi/lib/armv7-m\libg_nano.a(lib_a-errno.o)
                              .\CortexM3\ARM_GCC_541\Debug\Cm3Start.o (__errno)
c:/program files (x86)/cypress/psoc creator/4.2/psoc creator/import/gnu/arm/5.4.1/bin/../lib/gcc/arm-none-eabi/5.4.1/../../../../arm-none-eabi/lib/armv7-m\libg_nano.a(lib_a-exit.o)
                              c:/program files (x86)/cypress/psoc creator/4.2/psoc creator/import/gnu/arm/5.4.1/bin/../lib/gcc/arm-none-eabi/5.4.1/../../../../arm-none-eabi/lib/armv7-m/crt0.o (exit)
c:/program files (x86)/cypress/psoc creator/4.2/psoc creator/import/gnu/arm/5.4.1/bin/../lib/gcc/arm-none-eabi/5.4.1/../../../../arm-none-eabi/lib/armv7-m\libg_nano.a(lib_a-impure.o)
                              c:/program files (x86)/cypress/psoc creator/4.2/psoc creator/import/gnu/arm/5.4.1/bin/../lib/gcc/arm-none-eabi/5.4.1/../../../../arm-none-eabi/lib/armv7-m\libg_nano.a(lib_a-exit.o) (_global_impure_ptr)
c:/program files (x86)/cypress/psoc creator/4.2/psoc creator/import/gnu/arm/5.4.1/bin/../lib/gcc/arm-none-eabi/5.4.1/../../../../arm-none-eabi/lib/armv7-m\libg_nano.a(lib_a-init.o)
                              c:/program files (x86)/cypress/psoc creator/4.2/psoc creator/import/gnu/arm/5.4.1/bin/../lib/gcc/arm-none-eabi/5.4.1/../../../../arm-none-eabi/lib/armv7-m/crt0.o (__libc_init_array)
c:/program files (x86)/cypress/psoc creator/4.2/psoc creator/import/gnu/arm/5.4.1/bin/../lib/gcc/arm-none-eabi/5.4.1/../../../../arm-none-eabi/lib/armv7-m\libg_nano.a(lib_a-memcpy-stub.o)
                              .\CortexM3\ARM_GCC_541\Debug\cyfitter_cfg.o (memcpy)
c:/program files (x86)/cypress/psoc creator/4.2/psoc creator/import/gnu/arm/5.4.1/bin/../lib/gcc/arm-none-eabi/5.4.1/../../../../arm-none-eabi/lib/armv7-m\libg_nano.a(lib_a-memset.o)
                              c:/program files (x86)/cypress/psoc creator/4.2/psoc creator/import/gnu/arm/5.4.1/bin/../lib/gcc/arm-none-eabi/5.4.1/../../../../arm-none-eabi/lib/armv7-m/crt0.o (memset)

Allocating common symbols
Common symbol       size              file

EZI2C_bufSizeS1     0x2               .\CortexM3\ARM_GCC_541\Debug\PSOC_Racimo_Storm.a(EZI2C.o)
EZI2C_curState      0x1               .\CortexM3\ARM_GCC_541\Debug\PSOC_Racimo_Storm.a(EZI2C.o)
EZI2C_rwIndexS1     0x2               .\CortexM3\ARM_GCC_541\Debug\PSOC_Racimo_Storm.a(EZI2C.o)
EZI2C_wrProtectS1   0x2               .\CortexM3\ARM_GCC_541\Debug\PSOC_Racimo_Storm.a(EZI2C.o)
ADC_CountsPerVolt   0x4               .\CortexM3\ARM_GCC_541\Debug\PSOC_Racimo_Storm.a(ADC.o)
EZI2C_curStatus     0x1               .\CortexM3\ARM_GCC_541\Debug\PSOC_Racimo_Storm.a(EZI2C.o)
EZI2C_dataPtrS1     0x4               .\CortexM3\ARM_GCC_541\Debug\PSOC_Racimo_Storm.a(EZI2C.o)
dieTemperature      0x2               .\CortexM3\ARM_GCC_541\Debug\PSOC_Racimo_Storm.a(CyFlash.o)
EZI2C_rwOffsetS1    0x2               .\CortexM3\ARM_GCC_541\Debug\PSOC_Racimo_Storm.a(EZI2C.o)

Discarded input sections

 .text          0x00000000        0x0 c:/program files (x86)/cypress/psoc creator/4.2/psoc creator/import/gnu/arm/5.4.1/bin/../lib/gcc/arm-none-eabi/5.4.1/armv7-m/crti.o
 .data          0x00000000        0x0 c:/program files (x86)/cypress/psoc creator/4.2/psoc creator/import/gnu/arm/5.4.1/bin/../lib/gcc/arm-none-eabi/5.4.1/armv7-m/crti.o
 .bss           0x00000000        0x0 c:/program files (x86)/cypress/psoc creator/4.2/psoc creator/import/gnu/arm/5.4.1/bin/../lib/gcc/arm-none-eabi/5.4.1/armv7-m/crti.o
 .data          0x00000000        0x4 c:/program files (x86)/cypress/psoc creator/4.2/psoc creator/import/gnu/arm/5.4.1/bin/../lib/gcc/arm-none-eabi/5.4.1/armv7-m/crtbegin.o
 .text          0x00000000       0x74 c:/program files (x86)/cypress/psoc creator/4.2/psoc creator/import/gnu/arm/5.4.1/bin/../lib/gcc/arm-none-eabi/5.4.1/../../../../arm-none-eabi/lib/armv7-m/crt0.o
 .data          0x00000000        0x0 c:/program files (x86)/cypress/psoc creator/4.2/psoc creator/import/gnu/arm/5.4.1/bin/../lib/gcc/arm-none-eabi/5.4.1/../../../../arm-none-eabi/lib/armv7-m/crt0.o
 .bss           0x00000000        0x0 c:/program files (x86)/cypress/psoc creator/4.2/psoc creator/import/gnu/arm/5.4.1/bin/../lib/gcc/arm-none-eabi/5.4.1/../../../../arm-none-eabi/lib/armv7-m/crt0.o
 .ARM.extab     0x00000000        0x0 c:/program files (x86)/cypress/psoc creator/4.2/psoc creator/import/gnu/arm/5.4.1/bin/../lib/gcc/arm-none-eabi/5.4.1/../../../../arm-none-eabi/lib/armv7-m/crt0.o
 .ARM.exidx     0x00000000        0x8 c:/program files (x86)/cypress/psoc creator/4.2/psoc creator/import/gnu/arm/5.4.1/bin/../lib/gcc/arm-none-eabi/5.4.1/../../../../arm-none-eabi/lib/armv7-m/crt0.o
 .text          0x00000000        0x0 .\CortexM3\ARM_GCC_541\Debug\main.o
 .data          0x00000000        0x0 .\CortexM3\ARM_GCC_541\Debug\main.o
 .bss           0x00000000        0x0 .\CortexM3\ARM_GCC_541\Debug\main.o
 .text          0x00000000        0x0 .\CortexM3\ARM_GCC_541\Debug\cyfitter_cfg.o
 .data          0x00000000        0x0 .\CortexM3\ARM_GCC_541\Debug\cyfitter_cfg.o
 .bss           0x00000000        0x0 .\CortexM3\ARM_GCC_541\Debug\cyfitter_cfg.o
 .text.SetAnalogRoutingPumps
                0x00000000       0x1c .\CortexM3\ARM_GCC_541\Debug\cyfitter_cfg.o
 .text          0x00000000        0x0 .\CortexM3\ARM_GCC_541\Debug\cymetadata.o
 .data          0x00000000        0x0 .\CortexM3\ARM_GCC_541\Debug\cymetadata.o
 .bss           0x00000000        0x0 .\CortexM3\ARM_GCC_541\Debug\cymetadata.o
 .text          0x00000000        0x0 .\CortexM3\ARM_GCC_541\Debug\Cm3Start.o
 .data          0x00000000        0x4 .\CortexM3\ARM_GCC_541\Debug\Cm3Start.o
 .bss           0x00000000        0x0 .\CortexM3\ARM_GCC_541\Debug\Cm3Start.o
 .text._exit    0x00000000        0xc .\CortexM3\ARM_GCC_541\Debug\Cm3Start.o
 .text._sbrk    0x00000000       0x30 .\CortexM3\ARM_GCC_541\Debug\Cm3Start.o
 .text          0x00000000        0x0 .\CortexM3\ARM_GCC_541\Debug\PSOC_Racimo_Storm.a(Mixer.o)
 .data          0x00000000        0x0 .\CortexM3\ARM_GCC_541\Debug\PSOC_Racimo_Storm.a(Mixer.o)
 .text.Mixer_Stop
                0x00000000       0x1c .\CortexM3\ARM_GCC_541\Debug\PSOC_Racimo_Storm.a(Mixer.o)
 .text          0x00000000        0x0 .\CortexM3\ARM_GCC_541\Debug\PSOC_Racimo_Storm.a(CyLib.o)
 .bss           0x00000000       0x1c .\CortexM3\ARM_GCC_541\Debug\PSOC_Racimo_Storm.a(CyLib.o)
 .text.CyUSB_PowerOnCheck
                0x00000000       0x48 .\CortexM3\ARM_GCC_541\Debug\PSOC_Racimo_Storm.a(CyLib.o)
 .text.CyBusClk_Internal_SetDivider
                0x00000000       0x48 .\CortexM3\ARM_GCC_541\Debug\PSOC_Racimo_Storm.a(CyLib.o)
 .text.CyPLL_OUT_Stop
                0x00000000       0x10 .\CortexM3\ARM_GCC_541\Debug\PSOC_Racimo_Storm.a(CyLib.o)
 .text.CyIMO_Stop
                0x00000000       0x1c .\CortexM3\ARM_GCC_541\Debug\PSOC_Racimo_Storm.a(CyLib.o)
 .text.CyIMO_EnableDoubler
                0x00000000       0x10 .\CortexM3\ARM_GCC_541\Debug\PSOC_Racimo_Storm.a(CyLib.o)
 .text.CyIMO_DisableDoubler
                0x00000000       0x10 .\CortexM3\ARM_GCC_541\Debug\PSOC_Racimo_Storm.a(CyLib.o)
 .text.CyMasterClk_SetSource
                0x00000000       0x18 .\CortexM3\ARM_GCC_541\Debug\PSOC_Racimo_Storm.a(CyLib.o)
 .text.CyMasterClk_SetDivider
                0x00000000        0xc .\CortexM3\ARM_GCC_541\Debug\PSOC_Racimo_Storm.a(CyLib.o)
 .text.CyBusClk_SetDivider
                0x00000000       0x70 .\CortexM3\ARM_GCC_541\Debug\PSOC_Racimo_Storm.a(CyLib.o)
 .text.CyUsbClk_SetSource
                0x00000000       0x18 .\CortexM3\ARM_GCC_541\Debug\PSOC_Racimo_Storm.a(CyLib.o)
 .text.CyILO_Start1K
                0x00000000       0x10 .\CortexM3\ARM_GCC_541\Debug\PSOC_Racimo_Storm.a(CyLib.o)
 .text.CyILO_Stop1K
                0x00000000       0x10 .\CortexM3\ARM_GCC_541\Debug\PSOC_Racimo_Storm.a(CyLib.o)
 .text.CyILO_Start100K
                0x00000000       0x10 .\CortexM3\ARM_GCC_541\Debug\PSOC_Racimo_Storm.a(CyLib.o)
 .text.CyILO_Stop100K
                0x00000000       0x10 .\CortexM3\ARM_GCC_541\Debug\PSOC_Racimo_Storm.a(CyLib.o)
 .text.CyPLL_OUT_Start
                0x00000000       0x78 .\CortexM3\ARM_GCC_541\Debug\PSOC_Racimo_Storm.a(CyLib.o)
 .text.CyIMO_Start
                0x00000000       0x60 .\CortexM3\ARM_GCC_541\Debug\PSOC_Racimo_Storm.a(CyLib.o)
 .text.CyILO_Enable33K
                0x00000000       0x10 .\CortexM3\ARM_GCC_541\Debug\PSOC_Racimo_Storm.a(CyLib.o)
 .text.CyILO_Disable33K
                0x00000000       0x10 .\CortexM3\ARM_GCC_541\Debug\PSOC_Racimo_Storm.a(CyLib.o)
 .text.CyILO_SetSource
                0x00000000       0x18 .\CortexM3\ARM_GCC_541\Debug\PSOC_Racimo_Storm.a(CyLib.o)
 .text.CyILO_SetPowerMode
                0x00000000       0x24 .\CortexM3\ARM_GCC_541\Debug\PSOC_Racimo_Storm.a(CyLib.o)
 .text.CyXTAL_32KHZ_Stop
                0x00000000       0x30 .\CortexM3\ARM_GCC_541\Debug\PSOC_Racimo_Storm.a(CyLib.o)
 .text.CyXTAL_32KHZ_ReadStatus
                0x00000000       0x10 .\CortexM3\ARM_GCC_541\Debug\PSOC_Racimo_Storm.a(CyLib.o)
 .text.CyXTAL_Start
                0x00000000       0xac .\CortexM3\ARM_GCC_541\Debug\PSOC_Racimo_Storm.a(CyLib.o)
 .text.CyXTAL_Stop
                0x00000000       0x10 .\CortexM3\ARM_GCC_541\Debug\PSOC_Racimo_Storm.a(CyLib.o)
 .text.CyXTAL_EnableErrStatus
                0x00000000       0x10 .\CortexM3\ARM_GCC_541\Debug\PSOC_Racimo_Storm.a(CyLib.o)
 .text.CyXTAL_DisableErrStatus
                0x00000000       0x10 .\CortexM3\ARM_GCC_541\Debug\PSOC_Racimo_Storm.a(CyLib.o)
 .text.CyXTAL_ReadStatus
                0x00000000       0x18 .\CortexM3\ARM_GCC_541\Debug\PSOC_Racimo_Storm.a(CyLib.o)
 .text.CyXTAL_EnableFaultRecovery
                0x00000000       0x10 .\CortexM3\ARM_GCC_541\Debug\PSOC_Racimo_Storm.a(CyLib.o)
 .text.CyXTAL_DisableFaultRecovery
                0x00000000       0x10 .\CortexM3\ARM_GCC_541\Debug\PSOC_Racimo_Storm.a(CyLib.o)
 .text.CyXTAL_SetStartup
                0x00000000       0x18 .\CortexM3\ARM_GCC_541\Debug\PSOC_Racimo_Storm.a(CyLib.o)
 .text.CyXTAL_SetFbVoltage
                0x00000000       0x18 .\CortexM3\ARM_GCC_541\Debug\PSOC_Racimo_Storm.a(CyLib.o)
 .text.CyXTAL_SetWdVoltage
                0x00000000       0x18 .\CortexM3\ARM_GCC_541\Debug\PSOC_Racimo_Storm.a(CyLib.o)
 .text.CyPLL_OUT_SetPQ
                0x00000000       0x60 .\CortexM3\ARM_GCC_541\Debug\PSOC_Racimo_Storm.a(CyLib.o)
 .text.CyPLL_OUT_SetSource
                0x00000000       0x34 .\CortexM3\ARM_GCC_541\Debug\PSOC_Racimo_Storm.a(CyLib.o)
 .text.CyIMO_SetTrimValue
                0x00000000       0xcc .\CortexM3\ARM_GCC_541\Debug\PSOC_Racimo_Storm.a(CyLib.o)
 .text.CyIMO_SetFreq
                0x00000000       0xf4 .\CortexM3\ARM_GCC_541\Debug\PSOC_Racimo_Storm.a(CyLib.o)
 .text.CyIMO_SetSource
                0x00000000       0x58 .\CortexM3\ARM_GCC_541\Debug\PSOC_Racimo_Storm.a(CyLib.o)
 .text.CySoftwareReset
                0x00000000       0x10 .\CortexM3\ARM_GCC_541\Debug\PSOC_Racimo_Storm.a(CyLib.o)
 .text.CyXTAL_32KHZ_SetPowerMode
                0x00000000       0x84 .\CortexM3\ARM_GCC_541\Debug\PSOC_Racimo_Storm.a(CyLib.o)
 .text.CyXTAL_32KHZ_Start
                0x00000000       0x74 .\CortexM3\ARM_GCC_541\Debug\PSOC_Racimo_Storm.a(CyLib.o)
 .text.CyDelayFreq
                0x00000000       0x4c .\CortexM3\ARM_GCC_541\Debug\PSOC_Racimo_Storm.a(CyLib.o)
 .text.CyWdtStart
                0x00000000       0x40 .\CortexM3\ARM_GCC_541\Debug\PSOC_Racimo_Storm.a(CyLib.o)
 .text.CyWdtClear
                0x00000000        0xc .\CortexM3\ARM_GCC_541\Debug\PSOC_Racimo_Storm.a(CyLib.o)
 .text.CyVdStickyStatus
                0x00000000       0x2c .\CortexM3\ARM_GCC_541\Debug\PSOC_Racimo_Storm.a(CyLib.o)
 .text.CyVdLvDigitEnable
                0x00000000       0x84 .\CortexM3\ARM_GCC_541\Debug\PSOC_Racimo_Storm.a(CyLib.o)
 .text.CyVdLvAnalogEnable
                0x00000000       0x80 .\CortexM3\ARM_GCC_541\Debug\PSOC_Racimo_Storm.a(CyLib.o)
 .text.CyVdLvDigitDisable
                0x00000000       0x30 .\CortexM3\ARM_GCC_541\Debug\PSOC_Racimo_Storm.a(CyLib.o)
 .text.CyVdLvAnalogDisable
                0x00000000       0x28 .\CortexM3\ARM_GCC_541\Debug\PSOC_Racimo_Storm.a(CyLib.o)
 .text.CyVdHvAnalogEnable
                0x00000000       0x54 .\CortexM3\ARM_GCC_541\Debug\PSOC_Racimo_Storm.a(CyLib.o)
 .text.CyVdHvAnalogDisable
                0x00000000       0x20 .\CortexM3\ARM_GCC_541\Debug\PSOC_Racimo_Storm.a(CyLib.o)
 .text.CyVdRealTimeStatus
                0x00000000       0x1c .\CortexM3\ARM_GCC_541\Debug\PSOC_Racimo_Storm.a(CyLib.o)
 .text.CyDisableInts
                0x00000000       0x1c .\CortexM3\ARM_GCC_541\Debug\PSOC_Racimo_Storm.a(CyLib.o)
 .text.CyEnableInts
                0x00000000       0x18 .\CortexM3\ARM_GCC_541\Debug\PSOC_Racimo_Storm.a(CyLib.o)
 .text.CyFlushCache
                0x00000000       0x44 .\CortexM3\ARM_GCC_541\Debug\PSOC_Racimo_Storm.a(CyLib.o)
 .text.CyIntSetSysVector
                0x00000000       0x28 .\CortexM3\ARM_GCC_541\Debug\PSOC_Racimo_Storm.a(CyLib.o)
 .text.CyIntGetSysVector
                0x00000000       0x20 .\CortexM3\ARM_GCC_541\Debug\PSOC_Racimo_Storm.a(CyLib.o)
 .text.CyIntGetVector
                0x00000000       0x24 .\CortexM3\ARM_GCC_541\Debug\PSOC_Racimo_Storm.a(CyLib.o)
 .text.CyIntGetPriority
                0x00000000       0x20 .\CortexM3\ARM_GCC_541\Debug\PSOC_Racimo_Storm.a(CyLib.o)
 .text.CyIntGetState
                0x00000000       0x24 .\CortexM3\ARM_GCC_541\Debug\PSOC_Racimo_Storm.a(CyLib.o)
 .text.CySysTickStop
                0x00000000       0x10 .\CortexM3\ARM_GCC_541\Debug\PSOC_Racimo_Storm.a(CyLib.o)
 .text.CySysTickEnableInterrupt
                0x00000000       0x10 .\CortexM3\ARM_GCC_541\Debug\PSOC_Racimo_Storm.a(CyLib.o)
 .text.CySysTickEnable
                0x00000000       0x18 .\CortexM3\ARM_GCC_541\Debug\PSOC_Racimo_Storm.a(CyLib.o)
 .text.CySysTickDisableInterrupt
                0x00000000       0x10 .\CortexM3\ARM_GCC_541\Debug\PSOC_Racimo_Storm.a(CyLib.o)
 .text.CySysTickSetReload
                0x00000000       0x10 .\CortexM3\ARM_GCC_541\Debug\PSOC_Racimo_Storm.a(CyLib.o)
 .text.CySysTickGetReload
                0x00000000       0x10 .\CortexM3\ARM_GCC_541\Debug\PSOC_Racimo_Storm.a(CyLib.o)
 .text.CySysTickGetValue
                0x00000000       0x10 .\CortexM3\ARM_GCC_541\Debug\PSOC_Racimo_Storm.a(CyLib.o)
 .text.CySysTickSetClockSource
                0x00000000       0x20 .\CortexM3\ARM_GCC_541\Debug\PSOC_Racimo_Storm.a(CyLib.o)
 .text.CySysTickGetClockSource
                0x00000000       0x10 .\CortexM3\ARM_GCC_541\Debug\PSOC_Racimo_Storm.a(CyLib.o)
 .text.CySysTickGetCountFlag
                0x00000000       0x10 .\CortexM3\ARM_GCC_541\Debug\PSOC_Racimo_Storm.a(CyLib.o)
 .text.CySysTickServiceCallbacks
                0x00000000       0x28 .\CortexM3\ARM_GCC_541\Debug\PSOC_Racimo_Storm.a(CyLib.o)
 .text.CySysTickClear
                0x00000000        0xc .\CortexM3\ARM_GCC_541\Debug\PSOC_Racimo_Storm.a(CyLib.o)
 .text.CySysTickInit
                0x00000000       0x58 .\CortexM3\ARM_GCC_541\Debug\PSOC_Racimo_Storm.a(CyLib.o)
 .text.CySysTickStart
                0x00000000       0x1c .\CortexM3\ARM_GCC_541\Debug\PSOC_Racimo_Storm.a(CyLib.o)
 .text.CySysTickSetCallback
                0x00000000       0x10 .\CortexM3\ARM_GCC_541\Debug\PSOC_Racimo_Storm.a(CyLib.o)
 .text.CySysTickGetCallback
                0x00000000       0x10 .\CortexM3\ARM_GCC_541\Debug\PSOC_Racimo_Storm.a(CyLib.o)
 .text.CyGetUniqueId
                0x00000000       0x70 .\CortexM3\ARM_GCC_541\Debug\PSOC_Racimo_Storm.a(CyLib.o)
 .text          0x00000000        0x0 .\CortexM3\ARM_GCC_541\Debug\PSOC_Racimo_Storm.a(cyPm.o)
 .data          0x00000000        0x0 .\CortexM3\ARM_GCC_541\Debug\PSOC_Racimo_Storm.a(cyPm.o)
 .bss           0x00000000       0x43 .\CortexM3\ARM_GCC_541\Debug\PSOC_Racimo_Storm.a(cyPm.o)
 .text.CyPmHibSlpSaveSet
                0x00000000      0x1dc .\CortexM3\ARM_GCC_541\Debug\PSOC_Racimo_Storm.a(cyPm.o)
 .text.CyPmHibSlpRestore
                0x00000000       0xd8 .\CortexM3\ARM_GCC_541\Debug\PSOC_Racimo_Storm.a(cyPm.o)
 .text.CyPmHviLviSaveDisable
                0x00000000       0xa0 .\CortexM3\ARM_GCC_541\Debug\PSOC_Racimo_Storm.a(cyPm.o)
 .text.CyPmHibSaveSet
                0x00000000       0x98 .\CortexM3\ARM_GCC_541\Debug\PSOC_Racimo_Storm.a(cyPm.o)
 .text.CyPmHviLviRestore
                0x00000000       0x48 .\CortexM3\ARM_GCC_541\Debug\PSOC_Racimo_Storm.a(cyPm.o)
 .text.CyPmHibRestore
                0x00000000       0x60 .\CortexM3\ARM_GCC_541\Debug\PSOC_Racimo_Storm.a(cyPm.o)
 .text.CyPmSaveClocks
                0x00000000      0x218 .\CortexM3\ARM_GCC_541\Debug\PSOC_Racimo_Storm.a(cyPm.o)
 .text.CyPmRestoreClocks
                0x00000000      0x24c .\CortexM3\ARM_GCC_541\Debug\PSOC_Racimo_Storm.a(cyPm.o)
 .text.CyPmAltAct
                0x00000000       0x6c .\CortexM3\ARM_GCC_541\Debug\PSOC_Racimo_Storm.a(cyPm.o)
 .text.CyPmSleep
                0x00000000       0xf4 .\CortexM3\ARM_GCC_541\Debug\PSOC_Racimo_Storm.a(cyPm.o)
 .text.CyPmHibernateEx
                0x00000000       0xf4 .\CortexM3\ARM_GCC_541\Debug\PSOC_Racimo_Storm.a(cyPm.o)
 .text.CyPmHibernate
                0x00000000        0xc .\CortexM3\ARM_GCC_541\Debug\PSOC_Racimo_Storm.a(cyPm.o)
 .text.CyPmReadStatus
                0x00000000       0x30 .\CortexM3\ARM_GCC_541\Debug\PSOC_Racimo_Storm.a(cyPm.o)
 .text.CyPmCtwSetInterval
                0x00000000       0x5c .\CortexM3\ARM_GCC_541\Debug\PSOC_Racimo_Storm.a(cyPm.o)
 .text.CyPmOppsSet
                0x00000000       0x2c .\CortexM3\ARM_GCC_541\Debug\PSOC_Racimo_Storm.a(cyPm.o)
 .text.CyPmFtwSetInterval
                0x00000000       0x5c .\CortexM3\ARM_GCC_541\Debug\PSOC_Racimo_Storm.a(cyPm.o)
 .rodata        0x00000000        0xf .\CortexM3\ARM_GCC_541\Debug\PSOC_Racimo_Storm.a(cyPm.o)
 .text          0x00000000        0x0 .\CortexM3\ARM_GCC_541\Debug\PSOC_Racimo_Storm.a(EZI2C.o)
 .data          0x00000000        0x0 .\CortexM3\ARM_GCC_541\Debug\PSOC_Racimo_Storm.a(EZI2C.o)
 .text.EZI2C_Stop
                0x00000000       0xb8 .\CortexM3\ARM_GCC_541\Debug\PSOC_Racimo_Storm.a(EZI2C.o)
 .text.EZI2C_GetAddress1
                0x00000000        0xc .\CortexM3\ARM_GCC_541\Debug\PSOC_Racimo_Storm.a(EZI2C.o)
 .text.EZI2C_GetActivity
                0x00000000       0x28 .\CortexM3\ARM_GCC_541\Debug\PSOC_Racimo_Storm.a(EZI2C.o)
 .text          0x00000000        0x0 .\CortexM3\ARM_GCC_541\Debug\PSOC_Racimo_Storm.a(EZI2C_PM.o)
 .data          0x00000000        0x6 .\CortexM3\ARM_GCC_541\Debug\PSOC_Racimo_Storm.a(EZI2C_PM.o)
 .bss           0x00000000        0x0 .\CortexM3\ARM_GCC_541\Debug\PSOC_Racimo_Storm.a(EZI2C_PM.o)
 .text.EZI2C_SaveConfig
                0x00000000       0x3c .\CortexM3\ARM_GCC_541\Debug\PSOC_Racimo_Storm.a(EZI2C_PM.o)
 .text.EZI2C_RestoreConfig
                0x00000000       0x54 .\CortexM3\ARM_GCC_541\Debug\PSOC_Racimo_Storm.a(EZI2C_PM.o)
 .text.EZI2C_Sleep
                0x00000000       0x24 .\CortexM3\ARM_GCC_541\Debug\PSOC_Racimo_Storm.a(EZI2C_PM.o)
 .text.EZI2C_Wakeup
                0x00000000       0x18 .\CortexM3\ARM_GCC_541\Debug\PSOC_Racimo_Storm.a(EZI2C_PM.o)
 .text          0x00000000        0x0 .\CortexM3\ARM_GCC_541\Debug\PSOC_Racimo_Storm.a(EZI2C_INT.o)
 .data          0x00000000        0x0 .\CortexM3\ARM_GCC_541\Debug\PSOC_Racimo_Storm.a(EZI2C_INT.o)
 .text          0x00000000        0x0 .\CortexM3\ARM_GCC_541\Debug\PSOC_Racimo_Storm.a(ADC.o)
 .text.ADC_Stop
                0x00000000       0xe4 .\CortexM3\ARM_GCC_541\Debug\PSOC_Racimo_Storm.a(ADC.o)
 .text.ADC_SetBufferGain
                0x00000000       0x18 .\CortexM3\ARM_GCC_541\Debug\PSOC_Racimo_Storm.a(ADC.o)
 .text.ADC_SetCoherency
                0x00000000       0x18 .\CortexM3\ARM_GCC_541\Debug\PSOC_Racimo_Storm.a(ADC.o)
 .text.ADC_SetGCOR
                0x00000000       0x74 .\CortexM3\ARM_GCC_541\Debug\PSOC_Racimo_Storm.a(ADC.o)
 .text.ADC_ReadGCOR
                0x00000000       0x24 .\CortexM3\ARM_GCC_541\Debug\PSOC_Racimo_Storm.a(ADC.o)
 .text.ADC_GetResult8
                0x00000000       0x48 .\CortexM3\ARM_GCC_541\Debug\PSOC_Racimo_Storm.a(ADC.o)
 .text.ADC_GetResult16
                0x00000000       0x50 .\CortexM3\ARM_GCC_541\Debug\PSOC_Racimo_Storm.a(ADC.o)
 .text.ADC_SetOffset
                0x00000000        0xc .\CortexM3\ARM_GCC_541\Debug\PSOC_Racimo_Storm.a(ADC.o)
 .text.ADC_SetGain
                0x00000000        0xc .\CortexM3\ARM_GCC_541\Debug\PSOC_Racimo_Storm.a(ADC.o)
 .text.ADC_CountsTo_mVolts
                0x00000000       0x24 .\CortexM3\ARM_GCC_541\Debug\PSOC_Racimo_Storm.a(ADC.o)
 .text.ADC_CountsTo_Volts
                0x00000000       0x28 .\CortexM3\ARM_GCC_541\Debug\PSOC_Racimo_Storm.a(ADC.o)
 .text.ADC_CountsTo_uVolts
                0x00000000       0x78 .\CortexM3\ARM_GCC_541\Debug\PSOC_Racimo_Storm.a(ADC.o)
 .text.ADC_SelectConfiguration
                0x00000000       0x60 .\CortexM3\ARM_GCC_541\Debug\PSOC_Racimo_Storm.a(ADC.o)
 .text.ADC_Read8
                0x00000000       0x28 .\CortexM3\ARM_GCC_541\Debug\PSOC_Racimo_Storm.a(ADC.o)
 .text.ADC_Read16
                0x00000000       0x28 .\CortexM3\ARM_GCC_541\Debug\PSOC_Racimo_Storm.a(ADC.o)
 .text.ADC_Read32
                0x00000000       0x28 .\CortexM3\ARM_GCC_541\Debug\PSOC_Racimo_Storm.a(ADC.o)
 .text          0x00000000        0x0 .\CortexM3\ARM_GCC_541\Debug\PSOC_Racimo_Storm.a(ADC_INT.o)
 .data          0x00000000        0x0 .\CortexM3\ARM_GCC_541\Debug\PSOC_Racimo_Storm.a(ADC_INT.o)
 .bss           0x00000000        0x0 .\CortexM3\ARM_GCC_541\Debug\PSOC_Racimo_Storm.a(ADC_INT.o)
 .text.ADC_ISR2
                0x00000000        0x4 .\CortexM3\ARM_GCC_541\Debug\PSOC_Racimo_Storm.a(ADC_INT.o)
 .text.ADC_ISR3
                0x00000000        0x4 .\CortexM3\ARM_GCC_541\Debug\PSOC_Racimo_Storm.a(ADC_INT.o)
 .text.ADC_ISR4
                0x00000000        0x4 .\CortexM3\ARM_GCC_541\Debug\PSOC_Racimo_Storm.a(ADC_INT.o)
 .text          0x00000000        0x0 .\CortexM3\ARM_GCC_541\Debug\PSOC_Racimo_Storm.a(ADC_AMux.o)
 .bss           0x00000000        0x0 .\CortexM3\ARM_GCC_541\Debug\PSOC_Racimo_Storm.a(ADC_AMux.o)
 .text.ADC_AMux_FastSelect
                0x00000000       0x20 .\CortexM3\ARM_GCC_541\Debug\PSOC_Racimo_Storm.a(ADC_AMux.o)
 .text          0x00000000        0x0 .\CortexM3\ARM_GCC_541\Debug\PSOC_Racimo_Storm.a(ADC_Ext_CP_Clk.o)
 .data          0x00000000        0x0 .\CortexM3\ARM_GCC_541\Debug\PSOC_Racimo_Storm.a(ADC_Ext_CP_Clk.o)
 .bss           0x00000000        0x0 .\CortexM3\ARM_GCC_541\Debug\PSOC_Racimo_Storm.a(ADC_Ext_CP_Clk.o)
 .text.ADC_Ext_CP_Clk_Start
                0x00000000       0x1c .\CortexM3\ARM_GCC_541\Debug\PSOC_Racimo_Storm.a(ADC_Ext_CP_Clk.o)
 .text.ADC_Ext_CP_Clk_Stop
                0x00000000       0x1c .\CortexM3\ARM_GCC_541\Debug\PSOC_Racimo_Storm.a(ADC_Ext_CP_Clk.o)
 .text.ADC_Ext_CP_Clk_StopBlock
                0x00000000       0x6c .\CortexM3\ARM_GCC_541\Debug\PSOC_Racimo_Storm.a(ADC_Ext_CP_Clk.o)
 .text.ADC_Ext_CP_Clk_StandbyPower
                0x00000000       0x20 .\CortexM3\ARM_GCC_541\Debug\PSOC_Racimo_Storm.a(ADC_Ext_CP_Clk.o)
 .text.ADC_Ext_CP_Clk_ClearModeRegister
                0x00000000       0x18 .\CortexM3\ARM_GCC_541\Debug\PSOC_Racimo_Storm.a(ADC_Ext_CP_Clk.o)
 .text.ADC_Ext_CP_Clk_GetModeRegister
                0x00000000       0x10 .\CortexM3\ARM_GCC_541\Debug\PSOC_Racimo_Storm.a(ADC_Ext_CP_Clk.o)
 .text.ADC_Ext_CP_Clk_SetSourceRegister
                0x00000000       0x5c .\CortexM3\ARM_GCC_541\Debug\PSOC_Racimo_Storm.a(ADC_Ext_CP_Clk.o)
 .text          0x00000000        0x0 .\CortexM3\ARM_GCC_541\Debug\PSOC_Racimo_Storm.a(ADC_theACLK.o)
 .data          0x00000000        0x0 .\CortexM3\ARM_GCC_541\Debug\PSOC_Racimo_Storm.a(ADC_theACLK.o)
 .bss           0x00000000        0x0 .\CortexM3\ARM_GCC_541\Debug\PSOC_Racimo_Storm.a(ADC_theACLK.o)
 .text.ADC_theACLK_Start
                0x00000000       0x1c .\CortexM3\ARM_GCC_541\Debug\PSOC_Racimo_Storm.a(ADC_theACLK.o)
 .text.ADC_theACLK_Stop
                0x00000000       0x1c .\CortexM3\ARM_GCC_541\Debug\PSOC_Racimo_Storm.a(ADC_theACLK.o)
 .text.ADC_theACLK_StopBlock
                0x00000000       0x6c .\CortexM3\ARM_GCC_541\Debug\PSOC_Racimo_Storm.a(ADC_theACLK.o)
 .text.ADC_theACLK_StandbyPower
                0x00000000       0x20 .\CortexM3\ARM_GCC_541\Debug\PSOC_Racimo_Storm.a(ADC_theACLK.o)
 .text.ADC_theACLK_ClearModeRegister
                0x00000000       0x18 .\CortexM3\ARM_GCC_541\Debug\PSOC_Racimo_Storm.a(ADC_theACLK.o)
 .text.ADC_theACLK_GetModeRegister
                0x00000000       0x10 .\CortexM3\ARM_GCC_541\Debug\PSOC_Racimo_Storm.a(ADC_theACLK.o)
 .text.ADC_theACLK_SetSourceRegister
                0x00000000       0x5c .\CortexM3\ARM_GCC_541\Debug\PSOC_Racimo_Storm.a(ADC_theACLK.o)
 .text.ADC_theACLK_SetPhaseRegister
                0x00000000       0x10 .\CortexM3\ARM_GCC_541\Debug\PSOC_Racimo_Storm.a(ADC_theACLK.o)
 .text.ADC_theACLK_GetPhaseRegister
                0x00000000       0x10 .\CortexM3\ARM_GCC_541\Debug\PSOC_Racimo_Storm.a(ADC_theACLK.o)
 .data          0x00000000        0x0 .\CortexM3\ARM_GCC_541\Debug\PSOC_Racimo_Storm.a(CyBootAsmGnu.o)
 .bss           0x00000000        0x0 .\CortexM3\ARM_GCC_541\Debug\PSOC_Racimo_Storm.a(CyBootAsmGnu.o)
 .text          0x00000000        0x0 .\CortexM3\ARM_GCC_541\Debug\PSOC_Racimo_Storm.a(CyFlash.o)
 .data          0x00000000        0x0 .\CortexM3\ARM_GCC_541\Debug\PSOC_Racimo_Storm.a(CyFlash.o)
 .bss           0x00000000        0x0 .\CortexM3\ARM_GCC_541\Debug\PSOC_Racimo_Storm.a(CyFlash.o)
 .text.CySetTempInt
                0x00000000       0x60 .\CortexM3\ARM_GCC_541\Debug\PSOC_Racimo_Storm.a(CyFlash.o)
 .text.CyFlash_Start
                0x00000000       0x54 .\CortexM3\ARM_GCC_541\Debug\PSOC_Racimo_Storm.a(CyFlash.o)
 .text.CyFlash_Stop
                0x00000000       0x24 .\CortexM3\ARM_GCC_541\Debug\PSOC_Racimo_Storm.a(CyFlash.o)
 .text.CyFlash_EraseRow
                0x00000000       0x78 .\CortexM3\ARM_GCC_541\Debug\PSOC_Racimo_Storm.a(CyFlash.o)
 .text.CyFlashGetSpcAlgorithm
                0x00000000       0x4c .\CortexM3\ARM_GCC_541\Debug\PSOC_Racimo_Storm.a(CyFlash.o)
 .text.CySetTemp
                0x00000000       0x14 .\CortexM3\ARM_GCC_541\Debug\PSOC_Racimo_Storm.a(CyFlash.o)
 .text.CySetFlashEEBuffer
                0x00000000       0x20 .\CortexM3\ARM_GCC_541\Debug\PSOC_Racimo_Storm.a(CyFlash.o)
 .text.CyWriteRowFull
                0x00000000       0xf8 .\CortexM3\ARM_GCC_541\Debug\PSOC_Racimo_Storm.a(CyFlash.o)
 .text.CyWriteRowData
                0x00000000       0x14 .\CortexM3\ARM_GCC_541\Debug\PSOC_Racimo_Storm.a(CyFlash.o)
 .text.CyFlash_SetWaitCycles
                0x00000000       0x7c .\CortexM3\ARM_GCC_541\Debug\PSOC_Racimo_Storm.a(CyFlash.o)
 .text.CyEEPROM_Start
                0x00000000       0x54 .\CortexM3\ARM_GCC_541\Debug\PSOC_Racimo_Storm.a(CyFlash.o)
 .text.CyEEPROM_Stop
                0x00000000       0x24 .\CortexM3\ARM_GCC_541\Debug\PSOC_Racimo_Storm.a(CyFlash.o)
 .text.CyEEPROM_ReadReserve
                0x00000000       0x1c .\CortexM3\ARM_GCC_541\Debug\PSOC_Racimo_Storm.a(CyFlash.o)
 .text.CyEEPROM_ReadRelease
                0x00000000       0x10 .\CortexM3\ARM_GCC_541\Debug\PSOC_Racimo_Storm.a(CyFlash.o)
 COMMON         0x00000000        0x2 .\CortexM3\ARM_GCC_541\Debug\PSOC_Racimo_Storm.a(CyFlash.o)
 .text          0x00000000        0x0 .\CortexM3\ARM_GCC_541\Debug\PSOC_Racimo_Storm.a(CySpc.o)
 .data          0x00000000        0x0 .\CortexM3\ARM_GCC_541\Debug\PSOC_Racimo_Storm.a(CySpc.o)
 .bss           0x00000000        0x8 .\CortexM3\ARM_GCC_541\Debug\PSOC_Racimo_Storm.a(CySpc.o)
 .text.CySpcStart
                0x00000000       0x24 .\CortexM3\ARM_GCC_541\Debug\PSOC_Racimo_Storm.a(CySpc.o)
 .text.CySpcStop
                0x00000000       0x24 .\CortexM3\ARM_GCC_541\Debug\PSOC_Racimo_Storm.a(CySpc.o)
 .text.CySpcReadData
                0x00000000       0x34 .\CortexM3\ARM_GCC_541\Debug\PSOC_Racimo_Storm.a(CySpc.o)
 .text.CySpcLoadMultiByte
                0x00000000       0x78 .\CortexM3\ARM_GCC_541\Debug\PSOC_Racimo_Storm.a(CySpc.o)
 .text.CySpcLoadRow
                0x00000000       0x50 .\CortexM3\ARM_GCC_541\Debug\PSOC_Racimo_Storm.a(CySpc.o)
 .text.CySpcLoadRowFull
                0x00000000       0x80 .\CortexM3\ARM_GCC_541\Debug\PSOC_Racimo_Storm.a(CySpc.o)
 .text.CySpcWriteRow
                0x00000000       0x4c .\CortexM3\ARM_GCC_541\Debug\PSOC_Racimo_Storm.a(CySpc.o)
 .text.CySpcEraseSector
                0x00000000       0x3c .\CortexM3\ARM_GCC_541\Debug\PSOC_Racimo_Storm.a(CySpc.o)
 .text.CySpcEraseRow
                0x00000000       0x4c .\CortexM3\ARM_GCC_541\Debug\PSOC_Racimo_Storm.a(CySpc.o)
 .text.CySpcGetTemp
                0x00000000       0x3c .\CortexM3\ARM_GCC_541\Debug\PSOC_Racimo_Storm.a(CySpc.o)
 .text.CySpcLock
                0x00000000       0x4c .\CortexM3\ARM_GCC_541\Debug\PSOC_Racimo_Storm.a(CySpc.o)
 .text.CySpcUnlock
                0x00000000       0x38 .\CortexM3\ARM_GCC_541\Debug\PSOC_Racimo_Storm.a(CySpc.o)
 .text.CySpcGetAlgorithm
                0x00000000       0x28 .\CortexM3\ARM_GCC_541\Debug\PSOC_Racimo_Storm.a(CySpc.o)
 .text          0x00000000      0x370 c:/program files (x86)/cypress/psoc creator/4.2/psoc creator/import/gnu/arm/5.4.1/bin/../lib/gcc/arm-none-eabi/5.4.1/armv7-m\libgcc.a(_arm_addsubdf3.o)
 .data          0x00000000        0x0 c:/program files (x86)/cypress/psoc creator/4.2/psoc creator/import/gnu/arm/5.4.1/bin/../lib/gcc/arm-none-eabi/5.4.1/armv7-m\libgcc.a(_arm_addsubdf3.o)
 .bss           0x00000000        0x0 c:/program files (x86)/cypress/psoc creator/4.2/psoc creator/import/gnu/arm/5.4.1/bin/../lib/gcc/arm-none-eabi/5.4.1/armv7-m\libgcc.a(_arm_addsubdf3.o)
 .text          0x00000000      0x110 c:/program files (x86)/cypress/psoc creator/4.2/psoc creator/import/gnu/arm/5.4.1/bin/../lib/gcc/arm-none-eabi/5.4.1/armv7-m\libgcc.a(_arm_cmpdf2.o)
 .data          0x00000000        0x0 c:/program files (x86)/cypress/psoc creator/4.2/psoc creator/import/gnu/arm/5.4.1/bin/../lib/gcc/arm-none-eabi/5.4.1/armv7-m\libgcc.a(_arm_cmpdf2.o)
 .bss           0x00000000        0x0 c:/program files (x86)/cypress/psoc creator/4.2/psoc creator/import/gnu/arm/5.4.1/bin/../lib/gcc/arm-none-eabi/5.4.1/armv7-m\libgcc.a(_arm_cmpdf2.o)
 .text          0x00000000      0x21c c:/program files (x86)/cypress/psoc creator/4.2/psoc creator/import/gnu/arm/5.4.1/bin/../lib/gcc/arm-none-eabi/5.4.1/armv7-m\libgcc.a(_arm_addsubsf3.o)
 .data          0x00000000        0x0 c:/program files (x86)/cypress/psoc creator/4.2/psoc creator/import/gnu/arm/5.4.1/bin/../lib/gcc/arm-none-eabi/5.4.1/armv7-m\libgcc.a(_arm_addsubsf3.o)
 .bss           0x00000000        0x0 c:/program files (x86)/cypress/psoc creator/4.2/psoc creator/import/gnu/arm/5.4.1/bin/../lib/gcc/arm-none-eabi/5.4.1/armv7-m\libgcc.a(_arm_addsubsf3.o)
 .text          0x00000000      0x2a0 c:/program files (x86)/cypress/psoc creator/4.2/psoc creator/import/gnu/arm/5.4.1/bin/../lib/gcc/arm-none-eabi/5.4.1/armv7-m\libgcc.a(_arm_muldivsf3.o)
 .data          0x00000000        0x0 c:/program files (x86)/cypress/psoc creator/4.2/psoc creator/import/gnu/arm/5.4.1/bin/../lib/gcc/arm-none-eabi/5.4.1/armv7-m\libgcc.a(_arm_muldivsf3.o)
 .bss           0x00000000        0x0 c:/program files (x86)/cypress/psoc creator/4.2/psoc creator/import/gnu/arm/5.4.1/bin/../lib/gcc/arm-none-eabi/5.4.1/armv7-m\libgcc.a(_arm_muldivsf3.o)
 .text          0x00000000       0x40 c:/program files (x86)/cypress/psoc creator/4.2/psoc creator/import/gnu/arm/5.4.1/bin/../lib/gcc/arm-none-eabi/5.4.1/armv7-m\libgcc.a(_arm_fixunssfsi.o)
 .data          0x00000000        0x0 c:/program files (x86)/cypress/psoc creator/4.2/psoc creator/import/gnu/arm/5.4.1/bin/../lib/gcc/arm-none-eabi/5.4.1/armv7-m\libgcc.a(_arm_fixunssfsi.o)
 .bss           0x00000000        0x0 c:/program files (x86)/cypress/psoc creator/4.2/psoc creator/import/gnu/arm/5.4.1/bin/../lib/gcc/arm-none-eabi/5.4.1/armv7-m\libgcc.a(_arm_fixunssfsi.o)
 .text          0x00000000        0x0 c:/program files (x86)/cypress/psoc creator/4.2/psoc creator/import/gnu/arm/5.4.1/bin/../lib/gcc/arm-none-eabi/5.4.1/../../../../arm-none-eabi/lib/armv7-m\libg_nano.a(lib_a-errno.o)
 .data          0x00000000        0x0 c:/program files (x86)/cypress/psoc creator/4.2/psoc creator/import/gnu/arm/5.4.1/bin/../lib/gcc/arm-none-eabi/5.4.1/../../../../arm-none-eabi/lib/armv7-m\libg_nano.a(lib_a-errno.o)
 .bss           0x00000000        0x0 c:/program files (x86)/cypress/psoc creator/4.2/psoc creator/import/gnu/arm/5.4.1/bin/../lib/gcc/arm-none-eabi/5.4.1/../../../../arm-none-eabi/lib/armv7-m\libg_nano.a(lib_a-errno.o)
 .text          0x00000000        0x0 c:/program files (x86)/cypress/psoc creator/4.2/psoc creator/import/gnu/arm/5.4.1/bin/../lib/gcc/arm-none-eabi/5.4.1/../../../../arm-none-eabi/lib/armv7-m\libg_nano.a(lib_a-exit.o)
 .data          0x00000000        0x0 c:/program files (x86)/cypress/psoc creator/4.2/psoc creator/import/gnu/arm/5.4.1/bin/../lib/gcc/arm-none-eabi/5.4.1/../../../../arm-none-eabi/lib/armv7-m\libg_nano.a(lib_a-exit.o)
 .bss           0x00000000        0x0 c:/program files (x86)/cypress/psoc creator/4.2/psoc creator/import/gnu/arm/5.4.1/bin/../lib/gcc/arm-none-eabi/5.4.1/../../../../arm-none-eabi/lib/armv7-m\libg_nano.a(lib_a-exit.o)
 .text.exit     0x00000000       0x28 c:/program files (x86)/cypress/psoc creator/4.2/psoc creator/import/gnu/arm/5.4.1/bin/../lib/gcc/arm-none-eabi/5.4.1/../../../../arm-none-eabi/lib/armv7-m\libg_nano.a(lib_a-exit.o)
 .text          0x00000000        0x0 c:/program files (x86)/cypress/psoc creator/4.2/psoc creator/import/gnu/arm/5.4.1/bin/../lib/gcc/arm-none-eabi/5.4.1/../../../../arm-none-eabi/lib/armv7-m\libg_nano.a(lib_a-impure.o)
 .data          0x00000000        0x0 c:/program files (x86)/cypress/psoc creator/4.2/psoc creator/import/gnu/arm/5.4.1/bin/../lib/gcc/arm-none-eabi/5.4.1/../../../../arm-none-eabi/lib/armv7-m\libg_nano.a(lib_a-impure.o)
 .bss           0x00000000        0x0 c:/program files (x86)/cypress/psoc creator/4.2/psoc creator/import/gnu/arm/5.4.1/bin/../lib/gcc/arm-none-eabi/5.4.1/../../../../arm-none-eabi/lib/armv7-m\libg_nano.a(lib_a-impure.o)
 .rodata._global_impure_ptr
                0x00000000        0x4 c:/program files (x86)/cypress/psoc creator/4.2/psoc creator/import/gnu/arm/5.4.1/bin/../lib/gcc/arm-none-eabi/5.4.1/../../../../arm-none-eabi/lib/armv7-m\libg_nano.a(lib_a-impure.o)
 .text          0x00000000        0x0 c:/program files (x86)/cypress/psoc creator/4.2/psoc creator/import/gnu/arm/5.4.1/bin/../lib/gcc/arm-none-eabi/5.4.1/../../../../arm-none-eabi/lib/armv7-m\libg_nano.a(lib_a-init.o)
 .data          0x00000000        0x0 c:/program files (x86)/cypress/psoc creator/4.2/psoc creator/import/gnu/arm/5.4.1/bin/../lib/gcc/arm-none-eabi/5.4.1/../../../../arm-none-eabi/lib/armv7-m\libg_nano.a(lib_a-init.o)
 .bss           0x00000000        0x0 c:/program files (x86)/cypress/psoc creator/4.2/psoc creator/import/gnu/arm/5.4.1/bin/../lib/gcc/arm-none-eabi/5.4.1/../../../../arm-none-eabi/lib/armv7-m\libg_nano.a(lib_a-init.o)
 .text          0x00000000        0x0 c:/program files (x86)/cypress/psoc creator/4.2/psoc creator/import/gnu/arm/5.4.1/bin/../lib/gcc/arm-none-eabi/5.4.1/../../../../arm-none-eabi/lib/armv7-m\libg_nano.a(lib_a-memcpy-stub.o)
 .data          0x00000000        0x0 c:/program files (x86)/cypress/psoc creator/4.2/psoc creator/import/gnu/arm/5.4.1/bin/../lib/gcc/arm-none-eabi/5.4.1/../../../../arm-none-eabi/lib/armv7-m\libg_nano.a(lib_a-memcpy-stub.o)
 .bss           0x00000000        0x0 c:/program files (x86)/cypress/psoc creator/4.2/psoc creator/import/gnu/arm/5.4.1/bin/../lib/gcc/arm-none-eabi/5.4.1/../../../../arm-none-eabi/lib/armv7-m\libg_nano.a(lib_a-memcpy-stub.o)
 .text          0x00000000        0x0 c:/program files (x86)/cypress/psoc creator/4.2/psoc creator/import/gnu/arm/5.4.1/bin/../lib/gcc/arm-none-eabi/5.4.1/../../../../arm-none-eabi/lib/armv7-m\libg_nano.a(lib_a-memset.o)
 .data          0x00000000        0x0 c:/program files (x86)/cypress/psoc creator/4.2/psoc creator/import/gnu/arm/5.4.1/bin/../lib/gcc/arm-none-eabi/5.4.1/../../../../arm-none-eabi/lib/armv7-m\libg_nano.a(lib_a-memset.o)
 .bss           0x00000000        0x0 c:/program files (x86)/cypress/psoc creator/4.2/psoc creator/import/gnu/arm/5.4.1/bin/../lib/gcc/arm-none-eabi/5.4.1/../../../../arm-none-eabi/lib/armv7-m\libg_nano.a(lib_a-memset.o)
 .text          0x00000000        0x0 c:/program files (x86)/cypress/psoc creator/4.2/psoc creator/import/gnu/arm/5.4.1/bin/../lib/gcc/arm-none-eabi/5.4.1/armv7-m/crtend.o
 .data          0x00000000        0x0 c:/program files (x86)/cypress/psoc creator/4.2/psoc creator/import/gnu/arm/5.4.1/bin/../lib/gcc/arm-none-eabi/5.4.1/armv7-m/crtend.o
 .bss           0x00000000        0x0 c:/program files (x86)/cypress/psoc creator/4.2/psoc creator/import/gnu/arm/5.4.1/bin/../lib/gcc/arm-none-eabi/5.4.1/armv7-m/crtend.o
 .text          0x00000000        0x0 c:/program files (x86)/cypress/psoc creator/4.2/psoc creator/import/gnu/arm/5.4.1/bin/../lib/gcc/arm-none-eabi/5.4.1/armv7-m/crtn.o
 .data          0x00000000        0x0 c:/program files (x86)/cypress/psoc creator/4.2/psoc creator/import/gnu/arm/5.4.1/bin/../lib/gcc/arm-none-eabi/5.4.1/armv7-m/crtn.o
 .bss           0x00000000        0x0 c:/program files (x86)/cypress/psoc creator/4.2/psoc creator/import/gnu/arm/5.4.1/bin/../lib/gcc/arm-none-eabi/5.4.1/armv7-m/crtn.o

Memory Configuration

Name             Origin             Length             Attributes
rom              0x00000000         0x00040000         xr
ram              0x1fff8000         0x00010000         xrw
*default*        0x00000000         0xffffffff

Linker script and memory map

LOAD c:/program files (x86)/cypress/psoc creator/4.2/psoc creator/import/gnu/arm/5.4.1/bin/../lib/gcc/arm-none-eabi/5.4.1/armv7-m/crti.o
LOAD c:/program files (x86)/cypress/psoc creator/4.2/psoc creator/import/gnu/arm/5.4.1/bin/../lib/gcc/arm-none-eabi/5.4.1/armv7-m/crtbegin.o
LOAD c:/program files (x86)/cypress/psoc creator/4.2/psoc creator/import/gnu/arm/5.4.1/bin/../lib/gcc/arm-none-eabi/5.4.1/../../../../arm-none-eabi/lib/armv7-m/crt0.o
START GROUP
LOAD .\CortexM3\ARM_GCC_541\Debug\main.o
LOAD .\CortexM3\ARM_GCC_541\Debug\cyfitter_cfg.o
LOAD .\CortexM3\ARM_GCC_541\Debug\cymetadata.o
LOAD .\CortexM3\ARM_GCC_541\Debug\Cm3Start.o
LOAD .\CortexM3\ARM_GCC_541\Debug\PSOC_Racimo_Storm.a
LOAD C:\Program Files (x86)\Cypress\PSoC Creator\4.2\PSoC Creator\psoc\content\cycomponentlibrary\CyComponentLibrary.cylib\CortexM3\ARM_GCC_541\Debug\CyComponentLibrary.a
END GROUP
START GROUP
LOAD c:/program files (x86)/cypress/psoc creator/4.2/psoc creator/import/gnu/arm/5.4.1/bin/../lib/gcc/arm-none-eabi/5.4.1/armv7-m\libgcc.a
LOAD c:/program files (x86)/cypress/psoc creator/4.2/psoc creator/import/gnu/arm/5.4.1/bin/../lib/gcc/arm-none-eabi/5.4.1/../../../../arm-none-eabi/lib/armv7-m\libg_nano.a
LOAD c:/program files (x86)/cypress/psoc creator/4.2/psoc creator/import/gnu/arm/5.4.1/bin/../lib/gcc/arm-none-eabi/5.4.1/../../../../arm-none-eabi/lib/armv7-m\libc_nano.a
END GROUP
START GROUP
LOAD c:/program files (x86)/cypress/psoc creator/4.2/psoc creator/import/gnu/arm/5.4.1/bin/../lib/gcc/arm-none-eabi/5.4.1/armv7-m\libgcc.a
LOAD c:/program files (x86)/cypress/psoc creator/4.2/psoc creator/import/gnu/arm/5.4.1/bin/../lib/gcc/arm-none-eabi/5.4.1/../../../../arm-none-eabi/lib/armv7-m\libc_nano.a
END GROUP
LOAD c:/program files (x86)/cypress/psoc creator/4.2/psoc creator/import/gnu/arm/5.4.1/bin/../lib/gcc/arm-none-eabi/5.4.1/armv7-m/crtend.o
LOAD c:/program files (x86)/cypress/psoc creator/4.2/psoc creator/import/gnu/arm/5.4.1/bin/../lib/gcc/arm-none-eabi/5.4.1/armv7-m/crtn.o
START GROUP
LOAD c:/program files (x86)/cypress/psoc creator/4.2/psoc creator/import/gnu/arm/5.4.1/bin/../lib/gcc/arm-none-eabi/5.4.1/armv7-m\libgcc.a
LOAD c:/program files (x86)/cypress/psoc creator/4.2/psoc creator/import/gnu/arm/5.4.1/bin/../lib/gcc/arm-none-eabi/5.4.1/../../../../arm-none-eabi/lib/armv7-m\libc.a
LOAD c:/program files (x86)/cypress/psoc creator/4.2/psoc creator/import/gnu/arm/5.4.1/bin/../lib/gcc/arm-none-eabi/5.4.1/../../../../arm-none-eabi/lib/armv7-m\libnosys.a
END GROUP
                0x00000000                CY_APPL_ORIGIN = 0x0
                0x00000100                CY_FLASH_ROW_SIZE = 0x100
                0x00000020                CY_ECC_ROW_SIZE = 0x20
                0x00000000                CY_EE_IN_BTLDR = 0x0
                0x00000000                CY_APPL_LOADABLE = 0x0
                0x00000800                CY_EE_SIZE = 0x800
                0x00000001                CY_APPL_NUM = 0x1
                0x00000001                CY_APPL_MAX = 0x1
                0x00000040                CY_METADATA_SIZE = 0x40
                0x00000000                CY_APPL_LOADABLE = 0x0
                0x00000000                CY_CHECKSUM_EXCLUDE_SIZE = ALIGN (0x0, CY_FLASH_ROW_SIZE)
                [!provide]                PROVIDE (__cy_heap_start, _end)
                0x00000001                PROVIDE (__cy_region_num, ((__cy_regions_end - __cy_regions) / 0x10))
                0x20008000                PROVIDE (__cy_stack, (ORIGIN (ram) + LENGTH (ram)))
                [!provide]                PROVIDE (__cy_heap_end, (__cy_stack - 0x800))

.cybootloader   0x00000000        0x0
 *(.cybootloader)
                0x00000000                appl1_start = CY_APPL_ORIGIN?CY_APPL_ORIGIN:ALIGN (CY_FLASH_ROW_SIZE)
                0x0001ff00                appl2_start = (appl1_start + ALIGN ((((LENGTH (rom) - appl1_start) - (0x2 * CY_FLASH_ROW_SIZE)) / 0x2), CY_FLASH_ROW_SIZE))
                0x00000000                appl_start = (CY_APPL_NUM == 0x1)?appl1_start:appl2_start
                0x00000000                ecc_offset = ((appl_start / CY_FLASH_ROW_SIZE) * CY_ECC_ROW_SIZE)
                0x00000000                ee_offset = (CY_APPL_LOADABLE && ! (CY_EE_IN_BTLDR))?((CY_EE_SIZE / CY_APPL_MAX) * (CY_APPL_NUM - 0x1)):0x0
                0x00000800                ee_size = (CY_APPL_LOADABLE && ! (CY_EE_IN_BTLDR))?(CY_EE_SIZE / CY_APPL_MAX):CY_EE_SIZE
                [!provide]                PROVIDE (CY_ECC_OFFSET, ecc_offset)

.text           0x00000000     0x1016
 CREATE_OBJECT_SYMBOLS
                0x00000000                PROVIDE (__cy_interrupt_vector, RomVectors)
 *(.romvectors)
 .romvectors    0x00000000       0x10 .\CortexM3\ARM_GCC_541\Debug\Cm3Start.o
                0x00000000                RomVectors
                0x00000001                ASSERT ((. != __cy_interrupt_vector), No interrupt vector)
                0x00000001                ASSERT (CY_APPL_ORIGIN?(SIZEOF (.cybootloader) <= CY_APPL_ORIGIN):0x1, Wrong image location)
                0x00000010                PROVIDE (__cy_reset, Reset)
 *(.text.Reset)
 .text.Reset    0x00000010       0x18 .\CortexM3\ARM_GCC_541\Debug\Cm3Start.o
                0x00000010                Reset
                0x00000001                ASSERT ((. != __cy_reset), No reset code)
 *(.dma_init)
                0x00000001                ASSERT ((((appl_start + .) <= 0x10000) || 0x1), DMA Init must be within the first 64k of flash)
 *(.text .text.* .gnu.linkonce.t.*)
 .text          0x00000028       0x5c c:/program files (x86)/cypress/psoc creator/4.2/psoc creator/import/gnu/arm/5.4.1/bin/../lib/gcc/arm-none-eabi/5.4.1/armv7-m/crtbegin.o
 .text.main     0x00000084       0x5c .\CortexM3\ARM_GCC_541\Debug\main.o
                0x00000084                main
 .text.CyClockStartupError
                0x000000e0        0x4 .\CortexM3\ARM_GCC_541\Debug\cyfitter_cfg.o
 .text.cfg_write_bytes32
                0x000000e4       0x34 .\CortexM3\ARM_GCC_541\Debug\cyfitter_cfg.o
 .text.AnalogSetDefault
                0x00000118       0x54 .\CortexM3\ARM_GCC_541\Debug\cyfitter_cfg.o
 .text.CYMEMZERO
                0x0000016c        0xc .\CortexM3\ARM_GCC_541\Debug\cyfitter_cfg.o
 .text.CYCONFIGCPY
                0x00000178        0x8 .\CortexM3\ARM_GCC_541\Debug\cyfitter_cfg.o
 .text.ClockSetup
                0x00000180       0xe4 .\CortexM3\ARM_GCC_541\Debug\cyfitter_cfg.o
 .text.ADC_AMux_Set
                0x00000264       0x1c .\CortexM3\ARM_GCC_541\Debug\cyfitter_cfg.o
                0x00000264                ADC_AMux_Set
 .text.ADC_AMux_Unset
                0x00000280       0x1c .\CortexM3\ARM_GCC_541\Debug\cyfitter_cfg.o
                0x00000280                ADC_AMux_Unset
 .text.cyfitter_cfg
                0x0000029c      0x108 .\CortexM3\ARM_GCC_541\Debug\cyfitter_cfg.o
                0x0000029c                cyfitter_cfg
 .text.IntDefaultHandler
                0x000003a4       0x10 .\CortexM3\ARM_GCC_541\Debug\Cm3Start.o
                0x000003a4                IntDefaultHandler
 .text.Start_c  0x000003b4       0x4c .\CortexM3\ARM_GCC_541\Debug\Cm3Start.o
                0x000003b4                Start_c
 .text.initialize_psoc
                0x00000400       0x68 .\CortexM3\ARM_GCC_541\Debug\Cm3Start.o
                0x00000400                initialize_psoc
 .text.Mixer_Enable
                0x00000468       0x28 .\CortexM3\ARM_GCC_541\Debug\PSOC_Racimo_Storm.a(Mixer.o)
                0x00000468                Mixer_Enable
 .text.Mixer_SetPower
                0x00000490       0x18 .\CortexM3\ARM_GCC_541\Debug\PSOC_Racimo_Storm.a(Mixer.o)
                0x00000490                Mixer_SetPower
 .text.Mixer_Init
                0x000004a8       0x30 .\CortexM3\ARM_GCC_541\Debug\PSOC_Racimo_Storm.a(Mixer.o)
                0x000004a8                Mixer_Init
 .text.Mixer_Start
                0x000004d8       0x1c .\CortexM3\ARM_GCC_541\Debug\PSOC_Racimo_Storm.a(Mixer.o)
                0x000004d8                Mixer_Start
 .text.CyHalt   0x000004f4        0x4 .\CortexM3\ARM_GCC_541\Debug\PSOC_Racimo_Storm.a(CyLib.o)
                0x000004f4                CyHalt
 .text.CyDelay  0x000004f8       0x2c .\CortexM3\ARM_GCC_541\Debug\PSOC_Racimo_Storm.a(CyLib.o)
                0x000004f8                CyDelay
 .text.CyDelayUs
                0x00000524       0x14 .\CortexM3\ARM_GCC_541\Debug\PSOC_Racimo_Storm.a(CyLib.o)
                0x00000524                CyDelayUs
 .text.CyIntSetVector
                0x00000538       0x28 .\CortexM3\ARM_GCC_541\Debug\PSOC_Racimo_Storm.a(CyLib.o)
                0x00000538                CyIntSetVector
 .text.CyIntSetPriority
                0x00000560       0x30 .\CortexM3\ARM_GCC_541\Debug\PSOC_Racimo_Storm.a(CyLib.o)
                0x00000560                CyIntSetPriority
 .text.EZI2C_Init
                0x00000590       0x70 .\CortexM3\ARM_GCC_541\Debug\PSOC_Racimo_Storm.a(EZI2C.o)
                0x00000590                EZI2C_Init
 .text.EZI2C_Enable
                0x00000600       0x30 .\CortexM3\ARM_GCC_541\Debug\PSOC_Racimo_Storm.a(EZI2C.o)
                0x00000600                EZI2C_Enable
 .text.EZI2C_Start
                0x00000630       0x1c .\CortexM3\ARM_GCC_541\Debug\PSOC_Racimo_Storm.a(EZI2C.o)
                0x00000630                EZI2C_Start
 .text.EZI2C_SetAddress1
                0x0000064c       0x10 .\CortexM3\ARM_GCC_541\Debug\PSOC_Racimo_Storm.a(EZI2C.o)
                0x0000064c                EZI2C_SetAddress1
 .text.EZI2C_SetBuffer1
                0x0000065c       0x4c .\CortexM3\ARM_GCC_541\Debug\PSOC_Racimo_Storm.a(EZI2C.o)
                0x0000065c                EZI2C_SetBuffer1
 .text.EZI2C_ISR
                0x000006a8      0x1f0 .\CortexM3\ARM_GCC_541\Debug\PSOC_Racimo_Storm.a(EZI2C_INT.o)
                0x000006a8                EZI2C_ISR
 .text.ADC_GainCompensation
                0x00000898       0xdc .\CortexM3\ARM_GCC_541\Debug\PSOC_Racimo_Storm.a(ADC.o)
 .text.ADC_SetDSMRef0Reg
                0x00000974       0x4c .\CortexM3\ARM_GCC_541\Debug\PSOC_Racimo_Storm.a(ADC.o)
 .text.ADC_InitConfig
                0x000009c0       0xe8 .\CortexM3\ARM_GCC_541\Debug\PSOC_Racimo_Storm.a(ADC.o)
 .text.ADC_Init
                0x00000aa8       0xc4 .\CortexM3\ARM_GCC_541\Debug\PSOC_Racimo_Storm.a(ADC.o)
                0x00000aa8                ADC_Init
 .text.ADC_Enable
                0x00000b6c       0xd8 .\CortexM3\ARM_GCC_541\Debug\PSOC_Racimo_Storm.a(ADC.o)
                0x00000b6c                ADC_Enable
 .text.ADC_Start
                0x00000c44       0x28 .\CortexM3\ARM_GCC_541\Debug\PSOC_Racimo_Storm.a(ADC.o)
                0x00000c44                ADC_Start
 .text.ADC_StartConvert
                0x00000c6c       0x10 .\CortexM3\ARM_GCC_541\Debug\PSOC_Racimo_Storm.a(ADC.o)
                0x00000c6c                ADC_StartConvert
 .text.ADC_StopConvert
                0x00000c7c       0x10 .\CortexM3\ARM_GCC_541\Debug\PSOC_Racimo_Storm.a(ADC.o)
                0x00000c7c                ADC_StopConvert
 .text.ADC_IsEndConversion
                0x00000c8c       0x30 .\CortexM3\ARM_GCC_541\Debug\PSOC_Racimo_Storm.a(ADC.o)
                0x00000c8c                ADC_IsEndConversion
 .text.ADC_GetResult32
                0x00000cbc       0x6c .\CortexM3\ARM_GCC_541\Debug\PSOC_Racimo_Storm.a(ADC.o)
                0x00000cbc                ADC_GetResult32
 .text.ADC_ISR1
                0x00000d28        0x4 .\CortexM3\ARM_GCC_541\Debug\PSOC_Racimo_Storm.a(ADC_INT.o)
                0x00000d28                ADC_ISR1
 .text.ADC_AMux_Start
                0x00000d2c       0x20 .\CortexM3\ARM_GCC_541\Debug\PSOC_Racimo_Storm.a(ADC_AMux.o)
                0x00000d2c                ADC_AMux_Start
 .text.ADC_AMux_Select
                0x00000d4c       0x18 .\CortexM3\ARM_GCC_541\Debug\PSOC_Racimo_Storm.a(ADC_AMux.o)
                0x00000d4c                ADC_AMux_Select
 .text.ADC_Ext_CP_Clk_GetDividerRegister
                0x00000d64        0xc .\CortexM3\ARM_GCC_541\Debug\PSOC_Racimo_Storm.a(ADC_Ext_CP_Clk.o)
                0x00000d64                ADC_Ext_CP_Clk_GetDividerRegister
 .text.ADC_Ext_CP_Clk_SetModeRegister
                0x00000d70       0x14 .\CortexM3\ARM_GCC_541\Debug\PSOC_Racimo_Storm.a(ADC_Ext_CP_Clk.o)
                0x00000d70                ADC_Ext_CP_Clk_SetModeRegister
 .text.ADC_Ext_CP_Clk_GetSourceRegister
                0x00000d84       0x10 .\CortexM3\ARM_GCC_541\Debug\PSOC_Racimo_Storm.a(ADC_Ext_CP_Clk.o)
                0x00000d84                ADC_Ext_CP_Clk_GetSourceRegister
 .text.ADC_Ext_CP_Clk_SetDividerRegister
                0x00000d94       0xd8 .\CortexM3\ARM_GCC_541\Debug\PSOC_Racimo_Storm.a(ADC_Ext_CP_Clk.o)
                0x00000d94                ADC_Ext_CP_Clk_SetDividerRegister
 .text.ADC_theACLK_GetDividerRegister
                0x00000e6c        0xc .\CortexM3\ARM_GCC_541\Debug\PSOC_Racimo_Storm.a(ADC_theACLK.o)
                0x00000e6c                ADC_theACLK_GetDividerRegister
 .text.ADC_theACLK_SetModeRegister
                0x00000e78       0x14 .\CortexM3\ARM_GCC_541\Debug\PSOC_Racimo_Storm.a(ADC_theACLK.o)
                0x00000e78                ADC_theACLK_SetModeRegister
 .text.ADC_theACLK_GetSourceRegister
                0x00000e8c       0x10 .\CortexM3\ARM_GCC_541\Debug\PSOC_Racimo_Storm.a(ADC_theACLK.o)
                0x00000e8c                ADC_theACLK_GetSourceRegister
 .text.ADC_theACLK_SetDividerRegister
                0x00000e9c       0xd8 .\CortexM3\ARM_GCC_541\Debug\PSOC_Racimo_Storm.a(ADC_theACLK.o)
                0x00000e9c                ADC_theACLK_SetDividerRegister
 *fill*         0x00000f74        0x4 
 .text          0x00000f78       0x20 .\CortexM3\ARM_GCC_541\Debug\PSOC_Racimo_Storm.a(CyBootAsmGnu.o)
                0x00000f78                CyDelayCycles
                0x00000f88                CyEnterCriticalSection
                0x00000f90                CyExitCriticalSection
 .text.__errno  0x00000f98        0xc c:/program files (x86)/cypress/psoc creator/4.2/psoc creator/import/gnu/arm/5.4.1/bin/../lib/gcc/arm-none-eabi/5.4.1/../../../../arm-none-eabi/lib/armv7-m\libg_nano.a(lib_a-errno.o)
                0x00000f98                __errno
 .text.__libc_init_array
                0x00000fa4       0x4c c:/program files (x86)/cypress/psoc creator/4.2/psoc creator/import/gnu/arm/5.4.1/bin/../lib/gcc/arm-none-eabi/5.4.1/../../../../arm-none-eabi/lib/armv7-m\libg_nano.a(lib_a-init.o)
                0x00000fa4                __libc_init_array
 .text.memcpy   0x00000ff0       0x16 c:/program files (x86)/cypress/psoc creator/4.2/psoc creator/import/gnu/arm/5.4.1/bin/../lib/gcc/arm-none-eabi/5.4.1/../../../../arm-none-eabi/lib/armv7-m\libg_nano.a(lib_a-memcpy-stub.o)
                0x00000ff0                memcpy
 .text.memset   0x00001006       0x10 c:/program files (x86)/cypress/psoc creator/4.2/psoc creator/import/gnu/arm/5.4.1/bin/../lib/gcc/arm-none-eabi/5.4.1/../../../../arm-none-eabi/lib/armv7-m\libg_nano.a(lib_a-memset.o)
                0x00001006                memset
 *(.plt)
 *(.gnu.warning)
 *(.glue_7t)
 .glue_7t       0x00001016        0x0 linker stubs
 *(.glue_7)
 .glue_7        0x00001016        0x0 linker stubs
 *(.vfp11_veneer)
 .vfp11_veneer  0x00001016        0x0 linker stubs
 *(.bootloader)
 *(.ARM.extab* .gnu.linkonce.armextab.*)
 *(.gcc_except_table)

.v4_bx          0x00001018        0x0
 .v4_bx         0x00001018        0x0 linker stubs

.iplt           0x00001018        0x0
 .iplt          0x00001018        0x0 c:/program files (x86)/cypress/psoc creator/4.2/psoc creator/import/gnu/arm/5.4.1/bin/../lib/gcc/arm-none-eabi/5.4.1/armv7-m/crtbegin.o

.eh_frame_hdr
 *(.eh_frame_hdr)

.eh_frame       0x00001018        0x4
 *(.eh_frame)
 .eh_frame      0x00001018        0x0 c:/program files (x86)/cypress/psoc creator/4.2/psoc creator/import/gnu/arm/5.4.1/bin/../lib/gcc/arm-none-eabi/5.4.1/armv7-m/crtbegin.o
 .eh_frame      0x00001018        0x4 c:/program files (x86)/cypress/psoc creator/4.2/psoc creator/import/gnu/arm/5.4.1/bin/../lib/gcc/arm-none-eabi/5.4.1/armv7-m/crtend.o
                [!provide]                PROVIDE (__exidx_start, .)

.ARM.exidx
 *(.ARM.exidx* .gnu.linkonce.armexidx.*)
                0x0000101c                __exidx_end = .

.rodata         0x0000101c       0x7c
 *(.rodata .rodata.* .gnu.linkonce.r.*)
 .rodata        0x0000101c       0x42 .\CortexM3\ARM_GCC_541\Debug\cyfitter_cfg.o
                0x0000101c                ADC_AMux__addrTable
                0x00001024                ADC_AMux__maskTable
 .rodata.str1.1
                0x0000105e        0x2 c:/program files (x86)/cypress/psoc creator/4.2/psoc creator/import/gnu/arm/5.4.1/bin/../lib/gcc/arm-none-eabi/5.4.1/../../../../arm-none-eabi/lib/armv7-m\libg_nano.a(lib_a-impure.o)
                0x00001060                . = ALIGN (0x4)
 *(.init)
 .init          0x00001060        0x4 c:/program files (x86)/cypress/psoc creator/4.2/psoc creator/import/gnu/arm/5.4.1/bin/../lib/gcc/arm-none-eabi/5.4.1/armv7-m/crti.o
                0x00001060                _init
 .init          0x00001064        0x8 c:/program files (x86)/cypress/psoc creator/4.2/psoc creator/import/gnu/arm/5.4.1/bin/../lib/gcc/arm-none-eabi/5.4.1/armv7-m/crtn.o
                0x0000106c                . = ALIGN (0x4)
                0x0000106c                __preinit_array_start = .
 *(.preinit_array)
                0x0000106c                __preinit_array_end = .
                0x0000106c                . = ALIGN (0x4)
                0x0000106c                __init_array_start = .
 *(SORT(.init_array.*))
 *(.init_array)
 .init_array    0x0000106c        0x4 c:/program files (x86)/cypress/psoc creator/4.2/psoc creator/import/gnu/arm/5.4.1/bin/../lib/gcc/arm-none-eabi/5.4.1/armv7-m/crtbegin.o
 .init_array    0x00001070        0x4 .\CortexM3\ARM_GCC_541\Debug\Cm3Start.o
                0x00001074                __init_array_end = .
                0x00001074                . = ALIGN (0x4)
 *(.fini)
 .fini          0x00001074        0x4 c:/program files (x86)/cypress/psoc creator/4.2/psoc creator/import/gnu/arm/5.4.1/bin/../lib/gcc/arm-none-eabi/5.4.1/armv7-m/crti.o
                0x00001074                _fini
 .fini          0x00001078        0x8 c:/program files (x86)/cypress/psoc creator/4.2/psoc creator/import/gnu/arm/5.4.1/bin/../lib/gcc/arm-none-eabi/5.4.1/armv7-m/crtn.o
                0x00001080                . = ALIGN (0x4)
                0x00001080                __fini_array_start = .
 *(.fini_array)
 .fini_array    0x00001080        0x4 c:/program files (x86)/cypress/psoc creator/4.2/psoc creator/import/gnu/arm/5.4.1/bin/../lib/gcc/arm-none-eabi/5.4.1/armv7-m/crtbegin.o
 *(SORT(.fini_array.*))
                0x00001084                __fini_array_end = .
                0x00001084                . = ALIGN (0x4)
 *crtbegin.o(.ctors)
 *(EXCLUDE_FILE(*crtend.o) .ctors)
 *(SORT(.ctors.*))
 *crtend.o(.ctors)
                0x00001084                . = ALIGN (0x4)
 *crtbegin.o(.dtors)
 *(EXCLUDE_FILE(*crtend.o) .dtors)
 *(SORT(.dtors.*))
 *crtend.o(.dtors)
                0x00001084                . = ALIGN (0x4)
                0x00001084                __cy_regions = .
                0x00001084        0x4 LONG 0x1098 __cy_region_init_ram
                0x00001088        0x4 LONG 0x1fff80c8 __cy_region_start_data
                0x0000108c        0x4 LONG 0x80 __cy_region_init_size_ram
                0x00001090        0x4 LONG 0x48 __cy_region_zero_size_ram
                0x00001094                __cy_regions_end = .
                0x00001098                . = ALIGN (0x8)
 *fill*         0x00001094        0x4 
                0x00001098                _etext = .

.cy_checksum_exclude
                0x00001098        0x0
 *(.cy_checksum_exclude)

.ramvectors     0x1fff8000       0xc0
                0x1fff8000                __cy_region_start_ram = .
 *(.ramvectors)
 .ramvectors    0x1fff8000       0xc0 .\CortexM3\ARM_GCC_541\Debug\Cm3Start.o
                0x1fff8000                CyRamVectors

.noinit         0x1fff80c0        0x1
 *(.noinit)
 .noinit        0x1fff80c0        0x1 .\CortexM3\ARM_GCC_541\Debug\PSOC_Racimo_Storm.a(CyLib.o)
                0x1fff80c0                CyResetStatus

.data           0x1fff80c8       0x80 load address 0x00001098
                0x1fff80c8                __cy_region_start_data = .
 *(.jcr)
 .jcr           0x1fff80c8        0x0 c:/program files (x86)/cypress/psoc creator/4.2/psoc creator/import/gnu/arm/5.4.1/bin/../lib/gcc/arm-none-eabi/5.4.1/armv7-m/crtbegin.o
 .jcr           0x1fff80c8        0x4 c:/program files (x86)/cypress/psoc creator/4.2/psoc creator/import/gnu/arm/5.4.1/bin/../lib/gcc/arm-none-eabi/5.4.1/armv7-m/crtend.o
 *(.got.plt)
 *(.got)
 *(.shdata)
 *(.data .data.* .gnu.linkonce.d.*)
 .data          0x1fff80cc       0x10 .\CortexM3\ARM_GCC_541\Debug\PSOC_Racimo_Storm.a(CyLib.o)
                0x1fff80cc                cydelay_32k_ms
                0x1fff80d0                cydelay_freq_khz
                0x1fff80d4                cydelay_freq_mhz
                0x1fff80d8                cydelay_freq_hz
 .data          0x1fff80dc        0x1 .\CortexM3\ARM_GCC_541\Debug\PSOC_Racimo_Storm.a(ADC.o)
                0x1fff80dc                ADC_Config
 .data          0x1fff80dd        0x1 .\CortexM3\ARM_GCC_541\Debug\PSOC_Racimo_Storm.a(ADC_AMux.o)
 *fill*         0x1fff80de        0x2 
 .data.impure_data
                0x1fff80e0       0x60 c:/program files (x86)/cypress/psoc creator/4.2/psoc creator/import/gnu/arm/5.4.1/bin/../lib/gcc/arm-none-eabi/5.4.1/../../../../arm-none-eabi/lib/armv7-m\libg_nano.a(lib_a-impure.o)
 .data._impure_ptr
                0x1fff8140        0x4 c:/program files (x86)/cypress/psoc creator/4.2/psoc creator/import/gnu/arm/5.4.1/bin/../lib/gcc/arm-none-eabi/5.4.1/../../../../arm-none-eabi/lib/armv7-m\libg_nano.a(lib_a-impure.o)
                0x1fff8140                _impure_ptr
                0x1fff8148                . = ALIGN (0x8)
 *fill*         0x1fff8144        0x4 
 *(.ram)
                0x1fff8148                _edata = .

.igot.plt       0x1fff8148        0x0 load address 0x00001118
 .igot.plt      0x1fff8148        0x0 c:/program files (x86)/cypress/psoc creator/4.2/psoc creator/import/gnu/arm/5.4.1/bin/../lib/gcc/arm-none-eabi/5.4.1/armv7-m/crtbegin.o

.bss            0x1fff8148       0x48 load address 0x00001118
                0x1fff8148                PROVIDE (__bss_start__, .)
 *(.shbss)
 *(.bss .bss.* .gnu.linkonce.b.*)
 .bss           0x1fff8148       0x1c c:/program files (x86)/cypress/psoc creator/4.2/psoc creator/import/gnu/arm/5.4.1/bin/../lib/gcc/arm-none-eabi/5.4.1/armv7-m/crtbegin.o
 .bss           0x1fff8164        0x1 .\CortexM3\ARM_GCC_541\Debug\PSOC_Racimo_Storm.a(Mixer.o)
                0x1fff8164                Mixer_initVar
 .bss           0x1fff8165        0x1 .\CortexM3\ARM_GCC_541\Debug\PSOC_Racimo_Storm.a(EZI2C.o)
                0x1fff8165                EZI2C_initVar
 .bss           0x1fff8166        0x3 .\CortexM3\ARM_GCC_541\Debug\PSOC_Racimo_Storm.a(EZI2C_INT.o)
 *fill*         0x1fff8169        0x3 
 .bss           0x1fff816c        0xc .\CortexM3\ARM_GCC_541\Debug\PSOC_Racimo_Storm.a(ADC.o)
                0x1fff8170                ADC_stopConversion
                0x1fff8171                ADC_convDone
                0x1fff8172                ADC_initVar
                0x1fff8173                ADC_started
                0x1fff8174                ADC_Offset
 *(COMMON)
 COMMON         0x1fff8178       0x12 .\CortexM3\ARM_GCC_541\Debug\PSOC_Racimo_Storm.a(EZI2C.o)
                0x1fff8178                EZI2C_bufSizeS1
                0x1fff817a                EZI2C_curState
                0x1fff817c                EZI2C_rwIndexS1
                0x1fff817e                EZI2C_wrProtectS1
                0x1fff8180                EZI2C_curStatus
                0x1fff8184                EZI2C_dataPtrS1
                0x1fff8188                EZI2C_rwOffsetS1
 *fill*         0x1fff818a        0x2 
 COMMON         0x1fff818c        0x4 .\CortexM3\ARM_GCC_541\Debug\PSOC_Racimo_Storm.a(ADC.o)
                0x1fff818c                ADC_CountsPerVolt
                0x1fff8190                . = ALIGN (0x8)
 *(.ram.b)
                0x1fff8190                _end = .
                0x1fff8190                __end = .
                0x1fff8190                PROVIDE (end, .)
                0x1fff8190                PROVIDE (__bss_end__, .)
                0x00001098                __cy_region_init_ram = LOADADDR (.data)
                0x00000080                __cy_region_init_size_ram = (_edata - ADDR (.data))
                0x00000048                __cy_region_zero_size_ram = (_end - _edata)

.heap           0x1fff8190       0x80 load address 0x00001118
                0x1fff8190                . = _end
                0x1fff8210                . = (. + 0x80)
 *fill*         0x1fff8190       0x80 
                0x1fff8210                __cy_heap_limit = .

.stack          0x20007800      0x800
                0x20007800                __cy_stack_limit = .
                0x20008000                . = (. + 0x800)
 *fill*         0x20007800      0x800 
                0x00000001                ASSERT ((__cy_stack_limit >= __cy_heap_limit), region RAM overflowed with stack)
                0x00000000                cy_checksum_exclude_size = (CY_APPL_LOADABLE == 0x1)?SIZEOF (.cy_checksum_exclude):0x0
                0x00000001                ASSERT ((cy_checksum_exclude_size <= CY_CHECKSUM_EXCLUDE_SIZE), CY_BOOT: Section .cy_checksum_exclude size exceedes specified limit.)

.cyloadermeta
 *(.cyloadermeta)

.cyloadablemeta
 *(.cyloadablemeta)

.cyconfigecc    0x80000000      0x114
 *(.cyconfigecc)
 .cyconfigecc   0x80000000      0x114 .\CortexM3\ARM_GCC_541\Debug\cymetadata.o
                0x80000000                cy_meta_configecc

.cycustnvl      0x90000000        0x4
 *(.cycustnvl)
 .cycustnvl     0x90000000        0x4 .\CortexM3\ARM_GCC_541\Debug\cymetadata.o
                0x90000000                cy_meta_custnvl

.cywolatch      0x90100000        0x4
 *(.cywolatch)
 .cywolatch     0x90100000        0x4 .\CortexM3\ARM_GCC_541\Debug\cymetadata.o
                0x90100000                cy_meta_wonvl

.cyeeprom       0x90200000        0x0
 *(.cyeeprom)
                0x00000001                ASSERT ((. <= ((0x90200000 + ee_offset) + ee_size)), .cyeeprom data will not fit in EEPROM)

.cyflashprotect
                0x90400000      0x100
 *(.cyflashprotect)
 .cyflashprotect
                0x90400000      0x100 .\CortexM3\ARM_GCC_541\Debug\cymetadata.o
                0x90400000                cy_meta_flashprotect

.cymeta         0x90500000        0xc
 *(.cymeta)
 .cymeta        0x90500000        0xc .\CortexM3\ARM_GCC_541\Debug\cymetadata.o
                0x90500000                cy_metadata

.rel.dyn        0x00001118        0x0 load address 0x9050000c
 .rel.iplt      0x00001118        0x0 c:/program files (x86)/cypress/psoc creator/4.2/psoc creator/import/gnu/arm/5.4.1/bin/../lib/gcc/arm-none-eabi/5.4.1/armv7-m/crtbegin.o

.stab
 *(.stab)

.stabstr
 *(.stabstr)

.debug
 *(.debug)

.line
 *(.line)

.debug_srcinfo
 *(.debug_srcinfo)

.debug_sfnames
 *(.debug_sfnames)

.debug_aranges  0x00000000      0x878
 *(.debug_aranges)
 .debug_aranges
                0x00000000       0x20 .\CortexM3\ARM_GCC_541\Debug\main.o
 .debug_aranges
                0x00000020       0x68 .\CortexM3\ARM_GCC_541\Debug\cyfitter_cfg.o
 .debug_aranges
                0x00000088       0x18 .\CortexM3\ARM_GCC_541\Debug\cymetadata.o
 .debug_aranges
                0x000000a0       0x48 .\CortexM3\ARM_GCC_541\Debug\Cm3Start.o
 .debug_aranges
                0x000000e8       0x40 .\CortexM3\ARM_GCC_541\Debug\PSOC_Racimo_Storm.a(Mixer.o)
 .debug_aranges
                0x00000128      0x2a0 .\CortexM3\ARM_GCC_541\Debug\PSOC_Racimo_Storm.a(CyLib.o)
 .debug_aranges
                0x000003c8       0x98 .\CortexM3\ARM_GCC_541\Debug\PSOC_Racimo_Storm.a(cyPm.o)
 .debug_aranges
                0x00000460       0x58 .\CortexM3\ARM_GCC_541\Debug\PSOC_Racimo_Storm.a(EZI2C.o)
 .debug_aranges
                0x000004b8       0x38 .\CortexM3\ARM_GCC_541\Debug\PSOC_Racimo_Storm.a(EZI2C_PM.o)
 .debug_aranges
                0x000004f0       0x20 .\CortexM3\ARM_GCC_541\Debug\PSOC_Racimo_Storm.a(EZI2C_INT.o)
 .debug_aranges
                0x00000510       0xe8 .\CortexM3\ARM_GCC_541\Debug\PSOC_Racimo_Storm.a(ADC.o)
 .debug_aranges
                0x000005f8       0x38 .\CortexM3\ARM_GCC_541\Debug\PSOC_Racimo_Storm.a(ADC_INT.o)
 .debug_aranges
                0x00000630       0x30 .\CortexM3\ARM_GCC_541\Debug\PSOC_Racimo_Storm.a(ADC_AMux.o)
 .debug_aranges
                0x00000660       0x70 .\CortexM3\ARM_GCC_541\Debug\PSOC_Racimo_Storm.a(ADC_Ext_CP_Clk.o)
 .debug_aranges
                0x000006d0       0x80 .\CortexM3\ARM_GCC_541\Debug\PSOC_Racimo_Storm.a(ADC_theACLK.o)
 .debug_aranges
                0x00000750       0x20 .\CortexM3\ARM_GCC_541\Debug\PSOC_Racimo_Storm.a(CyBootAsmGnu.o)
 .debug_aranges
                0x00000770       0x88 .\CortexM3\ARM_GCC_541\Debug\PSOC_Racimo_Storm.a(CyFlash.o)
 .debug_aranges
                0x000007f8       0x80 .\CortexM3\ARM_GCC_541\Debug\PSOC_Racimo_Storm.a(CySpc.o)

.debug_pubnames
 *(.debug_pubnames)

.debug_info     0x00000000     0x50d8
 *(.debug_info .gnu.linkonce.wi.*)
 .debug_info    0x00000000      0x22c .\CortexM3\ARM_GCC_541\Debug\main.o
 .debug_info    0x0000022c      0x5c0 .\CortexM3\ARM_GCC_541\Debug\cyfitter_cfg.o
 .debug_info    0x000007ec      0x135 .\CortexM3\ARM_GCC_541\Debug\cymetadata.o
 .debug_info    0x00000921      0x3bb .\CortexM3\ARM_GCC_541\Debug\Cm3Start.o
 .debug_info    0x00000cdc      0x173 .\CortexM3\ARM_GCC_541\Debug\PSOC_Racimo_Storm.a(Mixer.o)
 .debug_info    0x00000e4f     0x1374 .\CortexM3\ARM_GCC_541\Debug\PSOC_Racimo_Storm.a(CyLib.o)
 .debug_info    0x000021c3      0xa2a .\CortexM3\ARM_GCC_541\Debug\PSOC_Racimo_Storm.a(cyPm.o)
 .debug_info    0x00002bed      0x39c .\CortexM3\ARM_GCC_541\Debug\PSOC_Racimo_Storm.a(EZI2C.o)
 .debug_info    0x00002f89      0x1f6 .\CortexM3\ARM_GCC_541\Debug\PSOC_Racimo_Storm.a(EZI2C_PM.o)
 .debug_info    0x0000317f      0x153 .\CortexM3\ARM_GCC_541\Debug\PSOC_Racimo_Storm.a(EZI2C_INT.o)
 .debug_info    0x000032d2      0xa1d .\CortexM3\ARM_GCC_541\Debug\PSOC_Racimo_Storm.a(ADC.o)
 .debug_info    0x00003cef       0xd3 .\CortexM3\ARM_GCC_541\Debug\PSOC_Racimo_Storm.a(ADC_INT.o)
 .debug_info    0x00003dc2      0x165 .\CortexM3\ARM_GCC_541\Debug\PSOC_Racimo_Storm.a(ADC_AMux.o)
 .debug_info    0x00003f27      0x283 .\CortexM3\ARM_GCC_541\Debug\PSOC_Racimo_Storm.a(ADC_Ext_CP_Clk.o)
 .debug_info    0x000041aa      0x2c4 .\CortexM3\ARM_GCC_541\Debug\PSOC_Racimo_Storm.a(ADC_theACLK.o)
 .debug_info    0x0000446e       0xcd .\CortexM3\ARM_GCC_541\Debug\PSOC_Racimo_Storm.a(CyBootAsmGnu.o)
 .debug_info    0x0000453b      0x64d .\CortexM3\ARM_GCC_541\Debug\PSOC_Racimo_Storm.a(CyFlash.o)
 .debug_info    0x00004b88      0x550 .\CortexM3\ARM_GCC_541\Debug\PSOC_Racimo_Storm.a(CySpc.o)

.debug_abbrev   0x00000000     0x15bc
 *(.debug_abbrev)
 .debug_abbrev  0x00000000       0xeb .\CortexM3\ARM_GCC_541\Debug\main.o
 .debug_abbrev  0x000000eb      0x21e .\CortexM3\ARM_GCC_541\Debug\cyfitter_cfg.o
 .debug_abbrev  0x00000309       0x66 .\CortexM3\ARM_GCC_541\Debug\cymetadata.o
 .debug_abbrev  0x0000036f      0x1e8 .\CortexM3\ARM_GCC_541\Debug\Cm3Start.o
 .debug_abbrev  0x00000557       0xea .\CortexM3\ARM_GCC_541\Debug\PSOC_Racimo_Storm.a(Mixer.o)
 .debug_abbrev  0x00000641      0x254 .\CortexM3\ARM_GCC_541\Debug\PSOC_Racimo_Storm.a(CyLib.o)
 .debug_abbrev  0x00000895      0x1ab .\CortexM3\ARM_GCC_541\Debug\PSOC_Racimo_Storm.a(cyPm.o)
 .debug_abbrev  0x00000a40      0x187 .\CortexM3\ARM_GCC_541\Debug\PSOC_Racimo_Storm.a(EZI2C.o)
 .debug_abbrev  0x00000bc7       0xfe .\CortexM3\ARM_GCC_541\Debug\PSOC_Racimo_Storm.a(EZI2C_PM.o)
 .debug_abbrev  0x00000cc5       0x8e .\CortexM3\ARM_GCC_541\Debug\PSOC_Racimo_Storm.a(EZI2C_INT.o)
 .debug_abbrev  0x00000d53      0x1cd .\CortexM3\ARM_GCC_541\Debug\PSOC_Racimo_Storm.a(ADC.o)
 .debug_abbrev  0x00000f20       0x42 .\CortexM3\ARM_GCC_541\Debug\PSOC_Racimo_Storm.a(ADC_INT.o)
 .debug_abbrev  0x00000f62       0xb1 .\CortexM3\ARM_GCC_541\Debug\PSOC_Racimo_Storm.a(ADC_AMux.o)
 .debug_abbrev  0x00001013      0x139 .\CortexM3\ARM_GCC_541\Debug\PSOC_Racimo_Storm.a(ADC_Ext_CP_Clk.o)
 .debug_abbrev  0x0000114c      0x121 .\CortexM3\ARM_GCC_541\Debug\PSOC_Racimo_Storm.a(ADC_theACLK.o)
 .debug_abbrev  0x0000126d       0x14 .\CortexM3\ARM_GCC_541\Debug\PSOC_Racimo_Storm.a(CyBootAsmGnu.o)
 .debug_abbrev  0x00001281      0x1a7 .\CortexM3\ARM_GCC_541\Debug\PSOC_Racimo_Storm.a(CyFlash.o)
 .debug_abbrev  0x00001428      0x194 .\CortexM3\ARM_GCC_541\Debug\PSOC_Racimo_Storm.a(CySpc.o)

.debug_line     0x00000000     0x2299
 *(.debug_line)
 .debug_line    0x00000000      0x1c7 .\CortexM3\ARM_GCC_541\Debug\main.o
 .debug_line    0x000001c7      0x209 .\CortexM3\ARM_GCC_541\Debug\cyfitter_cfg.o
 .debug_line    0x000003d0      0x141 .\CortexM3\ARM_GCC_541\Debug\cymetadata.o
 .debug_line    0x00000511      0x234 .\CortexM3\ARM_GCC_541\Debug\Cm3Start.o
 .debug_line    0x00000745       0xb4 .\CortexM3\ARM_GCC_541\Debug\PSOC_Racimo_Storm.a(Mixer.o)
 .debug_line    0x000007f9      0x816 .\CortexM3\ARM_GCC_541\Debug\PSOC_Racimo_Storm.a(CyLib.o)
 .debug_line    0x0000100f      0x367 .\CortexM3\ARM_GCC_541\Debug\PSOC_Racimo_Storm.a(cyPm.o)
 .debug_line    0x00001376      0x12d .\CortexM3\ARM_GCC_541\Debug\PSOC_Racimo_Storm.a(EZI2C.o)
 .debug_line    0x000014a3       0xba .\CortexM3\ARM_GCC_541\Debug\PSOC_Racimo_Storm.a(EZI2C_PM.o)
 .debug_line    0x0000155d       0xb2 .\CortexM3\ARM_GCC_541\Debug\PSOC_Racimo_Storm.a(EZI2C_INT.o)
 .debug_line    0x0000160f      0x364 .\CortexM3\ARM_GCC_541\Debug\PSOC_Racimo_Storm.a(ADC.o)
 .debug_line    0x00001973       0x80 .\CortexM3\ARM_GCC_541\Debug\PSOC_Racimo_Storm.a(ADC_INT.o)
 .debug_line    0x000019f3       0xac .\CortexM3\ARM_GCC_541\Debug\PSOC_Racimo_Storm.a(ADC_AMux.o)
 .debug_line    0x00001a9f      0x17d .\CortexM3\ARM_GCC_541\Debug\PSOC_Racimo_Storm.a(ADC_Ext_CP_Clk.o)
 .debug_line    0x00001c1c      0x19d .\CortexM3\ARM_GCC_541\Debug\PSOC_Racimo_Storm.a(ADC_theACLK.o)
 .debug_line    0x00001db9       0x66 .\CortexM3\ARM_GCC_541\Debug\PSOC_Racimo_Storm.a(CyBootAsmGnu.o)
 .debug_line    0x00001e1f      0x21a .\CortexM3\ARM_GCC_541\Debug\PSOC_Racimo_Storm.a(CyFlash.o)
 .debug_line    0x00002039      0x260 .\CortexM3\ARM_GCC_541\Debug\PSOC_Racimo_Storm.a(CySpc.o)

.debug_frame    0x00000000     0x15f8
 *(.debug_frame)
 .debug_frame   0x00000000       0x2c .\CortexM3\ARM_GCC_541\Debug\main.o
 .debug_frame   0x0000002c      0x104 .\CortexM3\ARM_GCC_541\Debug\cyfitter_cfg.o
 .debug_frame   0x00000130       0xb8 .\CortexM3\ARM_GCC_541\Debug\Cm3Start.o
 .debug_frame   0x000001e8       0x78 .\CortexM3\ARM_GCC_541\Debug\PSOC_Racimo_Storm.a(Mixer.o)
 .debug_frame   0x00000260      0x738 .\CortexM3\ARM_GCC_541\Debug\PSOC_Racimo_Storm.a(CyLib.o)
 .debug_frame   0x00000998      0x1f8 .\CortexM3\ARM_GCC_541\Debug\PSOC_Racimo_Storm.a(cyPm.o)
 .debug_frame   0x00000b90       0xe0 .\CortexM3\ARM_GCC_541\Debug\PSOC_Racimo_Storm.a(EZI2C.o)
 .debug_frame   0x00000c70       0x74 .\CortexM3\ARM_GCC_541\Debug\PSOC_Racimo_Storm.a(EZI2C_PM.o)
 .debug_frame   0x00000ce4       0x20 .\CortexM3\ARM_GCC_541\Debug\PSOC_Racimo_Storm.a(EZI2C_INT.o)
 .debug_frame   0x00000d04      0x290 .\CortexM3\ARM_GCC_541\Debug\PSOC_Racimo_Storm.a(ADC.o)
 .debug_frame   0x00000f94       0x50 .\CortexM3\ARM_GCC_541\Debug\PSOC_Racimo_Storm.a(ADC_INT.o)
 .debug_frame   0x00000fe4       0x64 .\CortexM3\ARM_GCC_541\Debug\PSOC_Racimo_Storm.a(ADC_AMux.o)
 .debug_frame   0x00001048       0xe0 .\CortexM3\ARM_GCC_541\Debug\PSOC_Racimo_Storm.a(ADC_Ext_CP_Clk.o)
 .debug_frame   0x00001128      0x100 .\CortexM3\ARM_GCC_541\Debug\PSOC_Racimo_Storm.a(ADC_theACLK.o)
 .debug_frame   0x00001228      0x194 .\CortexM3\ARM_GCC_541\Debug\PSOC_Racimo_Storm.a(CyFlash.o)
 .debug_frame   0x000013bc      0x180 .\CortexM3\ARM_GCC_541\Debug\PSOC_Racimo_Storm.a(CySpc.o)
 .debug_frame   0x0000153c       0x20 c:/program files (x86)/cypress/psoc creator/4.2/psoc creator/import/gnu/arm/5.4.1/bin/../lib/gcc/arm-none-eabi/5.4.1/../../../../arm-none-eabi/lib/armv7-m\libg_nano.a(lib_a-errno.o)
 .debug_frame   0x0000155c       0x28 c:/program files (x86)/cypress/psoc creator/4.2/psoc creator/import/gnu/arm/5.4.1/bin/../lib/gcc/arm-none-eabi/5.4.1/../../../../arm-none-eabi/lib/armv7-m\libg_nano.a(lib_a-exit.o)
 .debug_frame   0x00001584       0x2c c:/program files (x86)/cypress/psoc creator/4.2/psoc creator/import/gnu/arm/5.4.1/bin/../lib/gcc/arm-none-eabi/5.4.1/../../../../arm-none-eabi/lib/armv7-m\libg_nano.a(lib_a-init.o)
 .debug_frame   0x000015b0       0x28 c:/program files (x86)/cypress/psoc creator/4.2/psoc creator/import/gnu/arm/5.4.1/bin/../lib/gcc/arm-none-eabi/5.4.1/../../../../arm-none-eabi/lib/armv7-m\libg_nano.a(lib_a-memcpy-stub.o)
 .debug_frame   0x000015d8       0x20 c:/program files (x86)/cypress/psoc creator/4.2/psoc creator/import/gnu/arm/5.4.1/bin/../lib/gcc/arm-none-eabi/5.4.1/../../../../arm-none-eabi/lib/armv7-m\libg_nano.a(lib_a-memset.o)

.debug_str      0x00000000     0x1cde
 *(.debug_str)
 .debug_str     0x00000000      0x250 .\CortexM3\ARM_GCC_541\Debug\main.o
                                0x29e (size before relaxing)
 .debug_str     0x00000250      0x1cd .\CortexM3\ARM_GCC_541\Debug\cyfitter_cfg.o
                                0x398 (size before relaxing)
 .debug_str     0x0000041d       0x7f .\CortexM3\ARM_GCC_541\Debug\cymetadata.o
                                0x221 (size before relaxing)
 .debug_str     0x0000049c      0x144 .\CortexM3\ARM_GCC_541\Debug\Cm3Start.o
                                0x347 (size before relaxing)
 .debug_str     0x000005e0       0x5c .\CortexM3\ARM_GCC_541\Debug\PSOC_Racimo_Storm.a(Mixer.o)
                                0x23a (size before relaxing)
 .debug_str     0x0000063c      0x84c .\CortexM3\ARM_GCC_541\Debug\PSOC_Racimo_Storm.a(CyLib.o)
                                0xa84 (size before relaxing)
 .debug_str     0x00000e88      0x365 .\CortexM3\ARM_GCC_541\Debug\PSOC_Racimo_Storm.a(cyPm.o)
                                0x770 (size before relaxing)
 .debug_str     0x000011ed      0x154 .\CortexM3\ARM_GCC_541\Debug\PSOC_Racimo_Storm.a(EZI2C.o)
                                0x3d0 (size before relaxing)
 .debug_str     0x00001341       0x60 .\CortexM3\ARM_GCC_541\Debug\PSOC_Racimo_Storm.a(EZI2C_PM.o)
                                0x2c1 (size before relaxing)
 .debug_str     0x000013a1       0x3f .\CortexM3\ARM_GCC_541\Debug\PSOC_Racimo_Storm.a(EZI2C_INT.o)
                                0x27b (size before relaxing)
 .debug_str     0x000013e0      0x337 .\CortexM3\ARM_GCC_541\Debug\PSOC_Racimo_Storm.a(ADC.o)
                                0x606 (size before relaxing)
 .debug_str     0x00001717       0x45 .\CortexM3\ARM_GCC_541\Debug\PSOC_Racimo_Storm.a(ADC_INT.o)
                                0x1fd (size before relaxing)
 .debug_str     0x0000175c       0x5f .\CortexM3\ARM_GCC_541\Debug\PSOC_Racimo_Storm.a(ADC_AMux.o)
                                0x23c (size before relaxing)
 .debug_str     0x000017bb      0x16d .\CortexM3\ARM_GCC_541\Debug\PSOC_Racimo_Storm.a(ADC_Ext_CP_Clk.o)
                                0x37f (size before relaxing)
 .debug_str     0x00001928      0x14f .\CortexM3\ARM_GCC_541\Debug\PSOC_Racimo_Storm.a(ADC_theACLK.o)
                                0x39e (size before relaxing)
 .debug_str     0x00001a77      0x1bb .\CortexM3\ARM_GCC_541\Debug\PSOC_Racimo_Storm.a(CyFlash.o)
                                0x3fd (size before relaxing)
 .debug_str     0x00001c32       0xac .\CortexM3\ARM_GCC_541\Debug\PSOC_Racimo_Storm.a(CySpc.o)
                                0x375 (size before relaxing)

.debug_loc      0x00000000     0x24b4
 *(.debug_loc)
 .debug_loc     0x00000000       0x1e .\CortexM3\ARM_GCC_541\Debug\main.o
 .debug_loc     0x0000001e      0x219 .\CortexM3\ARM_GCC_541\Debug\cyfitter_cfg.o
 .debug_loc     0x00000237      0x144 .\CortexM3\ARM_GCC_541\Debug\Cm3Start.o
 .debug_loc     0x0000037b       0x3f .\CortexM3\ARM_GCC_541\Debug\PSOC_Racimo_Storm.a(Mixer.o)
 .debug_loc     0x000003ba      0xa11 .\CortexM3\ARM_GCC_541\Debug\PSOC_Racimo_Storm.a(CyLib.o)
 .debug_loc     0x00000dcb      0x1e4 .\CortexM3\ARM_GCC_541\Debug\PSOC_Racimo_Storm.a(cyPm.o)
 .debug_loc     0x00000faf       0x95 .\CortexM3\ARM_GCC_541\Debug\PSOC_Racimo_Storm.a(EZI2C.o)
 .debug_loc     0x00001044       0x13 .\CortexM3\ARM_GCC_541\Debug\PSOC_Racimo_Storm.a(EZI2C_PM.o)
 .debug_loc     0x00001057      0x6c1 .\CortexM3\ARM_GCC_541\Debug\PSOC_Racimo_Storm.a(ADC.o)
 .debug_loc     0x00001718       0x6c .\CortexM3\ARM_GCC_541\Debug\PSOC_Racimo_Storm.a(ADC_AMux.o)
 .debug_loc     0x00001784      0x12c .\CortexM3\ARM_GCC_541\Debug\PSOC_Racimo_Storm.a(ADC_Ext_CP_Clk.o)
 .debug_loc     0x000018b0      0x14d .\CortexM3\ARM_GCC_541\Debug\PSOC_Racimo_Storm.a(ADC_theACLK.o)
 .debug_loc     0x000019fd      0x3b2 .\CortexM3\ARM_GCC_541\Debug\PSOC_Racimo_Storm.a(CyFlash.o)
 .debug_loc     0x00001daf      0x705 .\CortexM3\ARM_GCC_541\Debug\PSOC_Racimo_Storm.a(CySpc.o)

.debug_macinfo
 *(.debug_macinfo)

.debug_ranges   0x00000000      0x740
 *(.debug_ranges)
 .debug_ranges  0x00000000       0x10 .\CortexM3\ARM_GCC_541\Debug\main.o
 .debug_ranges  0x00000010       0x58 .\CortexM3\ARM_GCC_541\Debug\cyfitter_cfg.o
 .debug_ranges  0x00000068       0x38 .\CortexM3\ARM_GCC_541\Debug\Cm3Start.o
 .debug_ranges  0x000000a0       0x30 .\CortexM3\ARM_GCC_541\Debug\PSOC_Racimo_Storm.a(Mixer.o)
 .debug_ranges  0x000000d0      0x290 .\CortexM3\ARM_GCC_541\Debug\PSOC_Racimo_Storm.a(CyLib.o)
 .debug_ranges  0x00000360       0x88 .\CortexM3\ARM_GCC_541\Debug\PSOC_Racimo_Storm.a(cyPm.o)
 .debug_ranges  0x000003e8       0x48 .\CortexM3\ARM_GCC_541\Debug\PSOC_Racimo_Storm.a(EZI2C.o)
 .debug_ranges  0x00000430       0x28 .\CortexM3\ARM_GCC_541\Debug\PSOC_Racimo_Storm.a(EZI2C_PM.o)
 .debug_ranges  0x00000458       0x10 .\CortexM3\ARM_GCC_541\Debug\PSOC_Racimo_Storm.a(EZI2C_INT.o)
 .debug_ranges  0x00000468       0xd8 .\CortexM3\ARM_GCC_541\Debug\PSOC_Racimo_Storm.a(ADC.o)
 .debug_ranges  0x00000540       0x28 .\CortexM3\ARM_GCC_541\Debug\PSOC_Racimo_Storm.a(ADC_INT.o)
 .debug_ranges  0x00000568       0x20 .\CortexM3\ARM_GCC_541\Debug\PSOC_Racimo_Storm.a(ADC_AMux.o)
 .debug_ranges  0x00000588       0x60 .\CortexM3\ARM_GCC_541\Debug\PSOC_Racimo_Storm.a(ADC_Ext_CP_Clk.o)
 .debug_ranges  0x000005e8       0x70 .\CortexM3\ARM_GCC_541\Debug\PSOC_Racimo_Storm.a(ADC_theACLK.o)
 .debug_ranges  0x00000658       0x78 .\CortexM3\ARM_GCC_541\Debug\PSOC_Racimo_Storm.a(CyFlash.o)
 .debug_ranges  0x000006d0       0x70 .\CortexM3\ARM_GCC_541\Debug\PSOC_Racimo_Storm.a(CySpc.o)

.comment        0x00000000       0x6e
 .comment       0x00000000       0x6e .\CortexM3\ARM_GCC_541\Debug\main.o
                                 0x6f (size before relaxing)
 .comment       0x0000006e       0x6f .\CortexM3\ARM_GCC_541\Debug\cyfitter_cfg.o
 .comment       0x0000006e       0x6f .\CortexM3\ARM_GCC_541\Debug\cymetadata.o
 .comment       0x0000006e       0x6f .\CortexM3\ARM_GCC_541\Debug\Cm3Start.o
 .comment       0x0000006e       0x6f .\CortexM3\ARM_GCC_541\Debug\PSOC_Racimo_Storm.a(Mixer.o)
 .comment       0x0000006e       0x6f .\CortexM3\ARM_GCC_541\Debug\PSOC_Racimo_Storm.a(CyLib.o)
 .comment       0x0000006e       0x6f .\CortexM3\ARM_GCC_541\Debug\PSOC_Racimo_Storm.a(cyPm.o)
 .comment       0x0000006e       0x6f .\CortexM3\ARM_GCC_541\Debug\PSOC_Racimo_Storm.a(EZI2C.o)
 .comment       0x0000006e       0x6f .\CortexM3\ARM_GCC_541\Debug\PSOC_Racimo_Storm.a(EZI2C_PM.o)
 .comment       0x0000006e       0x6f .\CortexM3\ARM_GCC_541\Debug\PSOC_Racimo_Storm.a(EZI2C_INT.o)
 .comment       0x0000006e       0x6f .\CortexM3\ARM_GCC_541\Debug\PSOC_Racimo_Storm.a(ADC.o)
 .comment       0x0000006e       0x6f .\CortexM3\ARM_GCC_541\Debug\PSOC_Racimo_Storm.a(ADC_INT.o)
 .comment       0x0000006e       0x6f .\CortexM3\ARM_GCC_541\Debug\PSOC_Racimo_Storm.a(ADC_AMux.o)
 .comment       0x0000006e       0x6f .\CortexM3\ARM_GCC_541\Debug\PSOC_Racimo_Storm.a(ADC_Ext_CP_Clk.o)
 .comment       0x0000006e       0x6f .\CortexM3\ARM_GCC_541\Debug\PSOC_Racimo_Storm.a(ADC_theACLK.o)
 .comment       0x0000006e       0x6f .\CortexM3\ARM_GCC_541\Debug\PSOC_Racimo_Storm.a(CyFlash.o)
 .comment       0x0000006e       0x6f .\CortexM3\ARM_GCC_541\Debug\PSOC_Racimo_Storm.a(CySpc.o)

.debug_weaknames
 *(.debug_weaknames)

.debug_funcnames
 *(.debug_funcnames)

.debug_typenames
 *(.debug_typenames)

.debug_varnames
 *(.debug_varnames)

.note.gnu.arm.ident
 *(.note.gnu.arm.ident)

.ARM.attributes
                0x00000000       0x29
 *(.ARM.attributes)
 .ARM.attributes
                0x00000000       0x1d c:/program files (x86)/cypress/psoc creator/4.2/psoc creator/import/gnu/arm/5.4.1/bin/../lib/gcc/arm-none-eabi/5.4.1/armv7-m/crti.o
 .ARM.attributes
                0x0000001d       0x2d c:/program files (x86)/cypress/psoc creator/4.2/psoc creator/import/gnu/arm/5.4.1/bin/../lib/gcc/arm-none-eabi/5.4.1/armv7-m/crtbegin.o
 .ARM.attributes
                0x0000004a       0x1b c:/program files (x86)/cypress/psoc creator/4.2/psoc creator/import/gnu/arm/5.4.1/bin/../lib/gcc/arm-none-eabi/5.4.1/../../../../arm-none-eabi/lib/armv7-m/crt0.o
 .ARM.attributes
                0x00000065       0x33 .\CortexM3\ARM_GCC_541\Debug\main.o
 .ARM.attributes
                0x00000098       0x33 .\CortexM3\ARM_GCC_541\Debug\cyfitter_cfg.o
 .ARM.attributes
                0x000000cb       0x33 .\CortexM3\ARM_GCC_541\Debug\cymetadata.o
 .ARM.attributes
                0x000000fe       0x33 .\CortexM3\ARM_GCC_541\Debug\Cm3Start.o
 .ARM.attributes
                0x00000131       0x33 .\CortexM3\ARM_GCC_541\Debug\PSOC_Racimo_Storm.a(Mixer.o)
 .ARM.attributes
                0x00000164       0x33 .\CortexM3\ARM_GCC_541\Debug\PSOC_Racimo_Storm.a(CyLib.o)
 .ARM.attributes
                0x00000197       0x33 .\CortexM3\ARM_GCC_541\Debug\PSOC_Racimo_Storm.a(cyPm.o)
 .ARM.attributes
                0x000001ca       0x33 .\CortexM3\ARM_GCC_541\Debug\PSOC_Racimo_Storm.a(EZI2C.o)
 .ARM.attributes
                0x000001fd       0x33 .\CortexM3\ARM_GCC_541\Debug\PSOC_Racimo_Storm.a(EZI2C_PM.o)
 .ARM.attributes
                0x00000230       0x33 .\CortexM3\ARM_GCC_541\Debug\PSOC_Racimo_Storm.a(EZI2C_INT.o)
 .ARM.attributes
                0x00000263       0x33 .\CortexM3\ARM_GCC_541\Debug\PSOC_Racimo_Storm.a(ADC.o)
 .ARM.attributes
                0x00000296       0x33 .\CortexM3\ARM_GCC_541\Debug\PSOC_Racimo_Storm.a(ADC_INT.o)
 .ARM.attributes
                0x000002c9       0x33 .\CortexM3\ARM_GCC_541\Debug\PSOC_Racimo_Storm.a(ADC_AMux.o)
 .ARM.attributes
                0x000002fc       0x33 .\CortexM3\ARM_GCC_541\Debug\PSOC_Racimo_Storm.a(ADC_Ext_CP_Clk.o)
 .ARM.attributes
                0x0000032f       0x33 .\CortexM3\ARM_GCC_541\Debug\PSOC_Racimo_Storm.a(ADC_theACLK.o)
 .ARM.attributes
                0x00000362       0x21 .\CortexM3\ARM_GCC_541\Debug\PSOC_Racimo_Storm.a(CyBootAsmGnu.o)
 .ARM.attributes
                0x00000383       0x33 .\CortexM3\ARM_GCC_541\Debug\PSOC_Racimo_Storm.a(CyFlash.o)
 .ARM.attributes
                0x000003b6       0x33 .\CortexM3\ARM_GCC_541\Debug\PSOC_Racimo_Storm.a(CySpc.o)
 .ARM.attributes
                0x000003e9       0x1d c:/program files (x86)/cypress/psoc creator/4.2/psoc creator/import/gnu/arm/5.4.1/bin/../lib/gcc/arm-none-eabi/5.4.1/armv7-m\libgcc.a(_arm_addsubdf3.o)
 .ARM.attributes
                0x00000406       0x1d c:/program files (x86)/cypress/psoc creator/4.2/psoc creator/import/gnu/arm/5.4.1/bin/../lib/gcc/arm-none-eabi/5.4.1/armv7-m\libgcc.a(_arm_cmpdf2.o)
 .ARM.attributes
                0x00000423       0x1d c:/program files (x86)/cypress/psoc creator/4.2/psoc creator/import/gnu/arm/5.4.1/bin/../lib/gcc/arm-none-eabi/5.4.1/armv7-m\libgcc.a(_arm_addsubsf3.o)
 .ARM.attributes
                0x00000440       0x1d c:/program files (x86)/cypress/psoc creator/4.2/psoc creator/import/gnu/arm/5.4.1/bin/../lib/gcc/arm-none-eabi/5.4.1/armv7-m\libgcc.a(_arm_muldivsf3.o)
 .ARM.attributes
                0x0000045d       0x1d c:/program files (x86)/cypress/psoc creator/4.2/psoc creator/import/gnu/arm/5.4.1/bin/../lib/gcc/arm-none-eabi/5.4.1/armv7-m\libgcc.a(_arm_fixunssfsi.o)
 .ARM.attributes
                0x0000047a       0x2d c:/program files (x86)/cypress/psoc creator/4.2/psoc creator/import/gnu/arm/5.4.1/bin/../lib/gcc/arm-none-eabi/5.4.1/../../../../arm-none-eabi/lib/armv7-m\libg_nano.a(lib_a-errno.o)
 .ARM.attributes
                0x000004a7       0x2d c:/program files (x86)/cypress/psoc creator/4.2/psoc creator/import/gnu/arm/5.4.1/bin/../lib/gcc/arm-none-eabi/5.4.1/../../../../arm-none-eabi/lib/armv7-m\libg_nano.a(lib_a-exit.o)
 .ARM.attributes
                0x000004d4       0x2d c:/program files (x86)/cypress/psoc creator/4.2/psoc creator/import/gnu/arm/5.4.1/bin/../lib/gcc/arm-none-eabi/5.4.1/../../../../arm-none-eabi/lib/armv7-m\libg_nano.a(lib_a-impure.o)
 .ARM.attributes
                0x00000501       0x2d c:/program files (x86)/cypress/psoc creator/4.2/psoc creator/import/gnu/arm/5.4.1/bin/../lib/gcc/arm-none-eabi/5.4.1/../../../../arm-none-eabi/lib/armv7-m\libg_nano.a(lib_a-init.o)
 .ARM.attributes
                0x0000052e       0x2d c:/program files (x86)/cypress/psoc creator/4.2/psoc creator/import/gnu/arm/5.4.1/bin/../lib/gcc/arm-none-eabi/5.4.1/../../../../arm-none-eabi/lib/armv7-m\libg_nano.a(lib_a-memcpy-stub.o)
 .ARM.attributes
                0x0000055b       0x2d c:/program files (x86)/cypress/psoc creator/4.2/psoc creator/import/gnu/arm/5.4.1/bin/../lib/gcc/arm-none-eabi/5.4.1/../../../../arm-none-eabi/lib/armv7-m\libg_nano.a(lib_a-memset.o)
 .ARM.attributes
                0x00000588       0x2d c:/program files (x86)/cypress/psoc creator/4.2/psoc creator/import/gnu/arm/5.4.1/bin/../lib/gcc/arm-none-eabi/5.4.1/armv7-m/crtend.o
 .ARM.attributes
                0x000005b5       0x1d c:/program files (x86)/cypress/psoc creator/4.2/psoc creator/import/gnu/arm/5.4.1/bin/../lib/gcc/arm-none-eabi/5.4.1/armv7-m/crtn.o

/DISCARD/
 *(.note.GNU-stack)
OUTPUT(C:\Users\leonf\OneDrive\Desktop\Proyecto Racimo Storm\Documentacion nueva version\Codigos y datos\psoc\PSOC_Racimo_Storm.cydsn\CortexM3\ARM_GCC_541\Debug\PSOC_Racimo_Storm.elf elf32-littlearm)
