Release 14.7 - xst P.20131013 (lin64)
Copyright (c) 1995-2013 Xilinx, Inc.  All rights reserved.
--> 
Parameter TMPDIR set to xst/projnav.tmp


Total REAL time to Xst completion: 0.00 secs
Total CPU time to Xst completion: 0.11 secs
 
--> 
Parameter xsthdpdir set to xst


Total REAL time to Xst completion: 0.00 secs
Total CPU time to Xst completion: 0.12 secs
 
--> 
Reading design: TOP_ADC_FPGA_V0.prj

TABLE OF CONTENTS
  1) Synthesis Options Summary
  2) HDL Parsing
  3) HDL Elaboration
  4) HDL Synthesis
       4.1) HDL Synthesis Report
  5) Advanced HDL Synthesis
       5.1) Advanced HDL Synthesis Report
  6) Low Level Synthesis
  7) Partition Report
  8) Design Summary
       8.1) Primitive and Black Box Usage
       8.2) Device utilization summary
       8.3) Partition Resource Summary
       8.4) Timing Report
            8.4.1) Clock Information
            8.4.2) Asynchronous Control Signals Information
            8.4.3) Timing Summary
            8.4.4) Timing Details
            8.4.5) Cross Clock Domains Report


=========================================================================
*                      Synthesis Options Summary                        *
=========================================================================
---- Source Parameters
Input File Name                    : "TOP_ADC_FPGA_V0.prj"
Ignore Synthesis Constraint File   : NO

---- Target Parameters
Output File Name                   : "TOP_ADC_FPGA_V0"
Output Format                      : NGC
Target Device                      : xc6slx9-2-tqg144

---- Source Options
Top Module Name                    : TOP_ADC_FPGA_V0
Automatic FSM Extraction           : YES
FSM Encoding Algorithm             : Auto
Safe Implementation                : No
FSM Style                          : LUT
RAM Extraction                     : Yes
RAM Style                          : Auto
ROM Extraction                     : Yes
Shift Register Extraction          : YES
ROM Style                          : Auto
Resource Sharing                   : YES
Asynchronous To Synchronous        : NO
Shift Register Minimum Size        : 2
Use DSP Block                      : Auto
Automatic Register Balancing       : No

---- Target Options
LUT Combining                      : Auto
Reduce Control Sets                : Auto
Add IO Buffers                     : YES
Global Maximum Fanout              : 100000
Add Generic Clock Buffer(BUFG)     : 16
Register Duplication               : YES
Optimize Instantiated Primitives   : NO
Use Clock Enable                   : Auto
Use Synchronous Set                : Auto
Use Synchronous Reset              : Auto
Pack IO Registers into IOBs        : Auto
Equivalent register Removal        : YES

---- General Options
Optimization Goal                  : Speed
Optimization Effort                : 1
Power Reduction                    : NO
Keep Hierarchy                     : No
Netlist Hierarchy                  : As_Optimized
RTL Output                         : Yes
Global Optimization                : AllClockNets
Read Cores                         : YES
Write Timing Constraints           : NO
Cross Clock Analysis               : NO
Hierarchy Separator                : /
Bus Delimiter                      : <>
Case Specifier                     : Maintain
Slice Utilization Ratio            : 100
BRAM Utilization Ratio             : 100
DSP48 Utilization Ratio            : 100
Auto BRAM Packing                  : NO
Slice Utilization Ratio Delta      : 5

=========================================================================


=========================================================================
*                          HDL Parsing                                  *
=========================================================================
Parsing VHDL file "/home/pedro/Documents/ISE/Prueba_FPGA_ADC_Lectura_V2/PWM.vhd" into library work
Parsing entity <PWM>.
Parsing architecture <Behavioral> of entity <pwm>.
Parsing VHDL file "/home/pedro/Documents/ISE/Prueba_FPGA_ADC_Lectura_V2/Div_Fre_Var.vhd" into library work
Parsing entity <Div_Fre_Var>.
Parsing architecture <Behavioral> of entity <div_fre_var>.
Parsing VHDL file "/home/pedro/Documents/ISE/Prueba_FPGA_ADC_Lectura_V2/debounce.vhd" into library work
Parsing entity <debounce>.
Parsing architecture <arch> of entity <debounce>.
Parsing VHDL file "/home/pedro/Documents/ISE/Prueba_FPGA_ADC_Lectura_V2/PWM_SIGNAL.vhd" into library work
Parsing entity <PWM_SIGNAL>.
Parsing architecture <Behavioral> of entity <pwm_signal>.
Parsing VHDL file "/home/pedro/Documents/ISE/Prueba_FPGA_ADC_Lectura_V2/I2C_slave.vhd" into library work
Parsing entity <I2C_slave>.
Parsing architecture <arch> of entity <i2c_slave>.
Parsing VHDL file "/home/pedro/Documents/ISE/Prueba_FPGA_ADC_Lectura_V2/TOP_ADC_FPGA_V0.vhd" into library work
Parsing entity <TOP_ADC_FPGA_V0>.
Parsing architecture <Behavioral> of entity <top_adc_fpga_v0>.

=========================================================================
*                            HDL Elaboration                            *
=========================================================================

Elaborating entity <TOP_ADC_FPGA_V0> (architecture <Behavioral>) from library <work>.

Elaborating entity <PWM_SIGNAL> (architecture <Behavioral>) from library <work>.

Elaborating entity <Div_Fre_Var> (architecture <Behavioral>) from library <work>.

Elaborating entity <PWM> (architecture <Behavioral>) from library <work>.

Elaborating entity <I2C_slave> (architecture <arch>) with generics from library <work>.
WARNING:HDLCompiler:871 - "/home/pedro/Documents/ISE/Prueba_FPGA_ADC_Lectura_V2/I2C_slave.vhd" Line 64: Using initial value '0' for scl_wen_reg since it is never assigned
WARNING:HDLCompiler:871 - "/home/pedro/Documents/ISE/Prueba_FPGA_ADC_Lectura_V2/I2C_slave.vhd" Line 65: Using initial value '0' for scl_o_reg since it is never assigned

Elaborating entity <debounce> (architecture <arch>) with generics from library <work>.
INFO:HDLCompiler:679 - "/home/pedro/Documents/ISE/Prueba_FPGA_ADC_Lectura_V2/I2C_slave.vhd" Line 264. Case statement is complete. others clause is never selected
WARNING:HDLCompiler:92 - "/home/pedro/Documents/ISE/Prueba_FPGA_ADC_Lectura_V2/TOP_ADC_FPGA_V0.vhd" Line 129: d should be on the sensitivity list of the process
WARNING:HDLCompiler:92 - "/home/pedro/Documents/ISE/Prueba_FPGA_ADC_Lectura_V2/TOP_ADC_FPGA_V0.vhd" Line 131: muestras_adc_reg should be on the sensitivity list of the process

=========================================================================
*                           HDL Synthesis                               *
=========================================================================

Synthesizing Unit <TOP_ADC_FPGA_V0>.
    Related source file is "/home/pedro/Documents/ISE/Prueba_FPGA_ADC_Lectura_V2/TOP_ADC_FPGA_V0.vhd".
INFO:Xst:3210 - "/home/pedro/Documents/ISE/Prueba_FPGA_ADC_Lectura_V2/TOP_ADC_FPGA_V0.vhd" line 98: Output port <read_req> of the instance <i2cSlave> is unconnected or connected to loadless signal.
    Found 12-bit register for signal <muestras_adc_reg<9>>.
    Found 12-bit register for signal <muestras_adc_reg<8>>.
    Found 12-bit register for signal <muestras_adc_reg<7>>.
    Found 12-bit register for signal <muestras_adc_reg<6>>.
    Found 12-bit register for signal <muestras_adc_reg<5>>.
    Found 12-bit register for signal <muestras_adc_reg<4>>.
    Found 12-bit register for signal <muestras_adc_reg<3>>.
    Found 12-bit register for signal <muestras_adc_reg<2>>.
    Found 8-bit register for signal <data_to_master>.
    Found 12-bit register for signal <muestras_adc_reg<10>>.
    Summary:
	inferred 116 D-type flip-flop(s).
	inferred   1 Multiplexer(s).
Unit <TOP_ADC_FPGA_V0> synthesized.

Synthesizing Unit <PWM_SIGNAL>.
    Related source file is "/home/pedro/Documents/ISE/Prueba_FPGA_ADC_Lectura_V2/PWM_SIGNAL.vhd".
    Summary:
	no macro.
Unit <PWM_SIGNAL> synthesized.

Synthesizing Unit <Div_Fre_Var>.
    Related source file is "/home/pedro/Documents/ISE/Prueba_FPGA_ADC_Lectura_V2/Div_Fre_Var.vhd".
    Found 27-bit register for signal <Q_Bus>.
    Found 27-bit adder for signal <Q_Bus[26]_GND_8_o_add_4_OUT> created at line 43.
    Found 27-bit comparator greater for signal <Bus_Sel_INV_1_o> created at line 40
    Summary:
	inferred   1 Adder/Subtractor(s).
	inferred  27 D-type flip-flop(s).
	inferred   1 Comparator(s).
Unit <Div_Fre_Var> synthesized.

Synthesizing Unit <PWM>.
    Related source file is "/home/pedro/Documents/ISE/Prueba_FPGA_ADC_Lectura_V2/PWM.vhd".
    Found 1-bit register for signal <Q_Bus>.
    Summary:
	inferred   1 D-type flip-flop(s).
Unit <PWM> synthesized.

Synthesizing Unit <I2C_slave>.
    Related source file is "/home/pedro/Documents/ISE/Prueba_FPGA_ADC_Lectura_V2/I2C_slave.vhd".
        SLAVE_ADDR = "0001000"
Always blocking tristate driving signal <scl> is removed.
    Found 1-bit register for signal <sda_reg>.
    Found 1-bit register for signal <scl_prev_reg>.
    Found 1-bit register for signal <sda_prev_reg>.
    Found 1-bit register for signal <scl_rising_reg>.
    Found 1-bit register for signal <scl_falling_reg>.
    Found 1-bit register for signal <start_reg>.
    Found 1-bit register for signal <stop_reg>.
    Found 1-bit register for signal <sda_o_reg>.
    Found 1-bit register for signal <sda_wen_reg>.
    Found 1-bit register for signal <data_valid_reg>.
    Found 1-bit register for signal <read_req_reg>.
    Found 3-bit register for signal <state_reg>.
    Found 4-bit register for signal <bits_processed_reg>.
    Found 7-bit register for signal <addr_reg>.
    Found 1-bit register for signal <cmd_reg>.
    Found 8-bit register for signal <data_to_master_reg>.
    Found 7-bit register for signal <data_reg>.
    Found 8-bit register for signal <data_from_master_reg>.
    Found 1-bit register for signal <continue_reg>.
    Found 1-bit register for signal <scl_reg>.
    Found finite state machine <FSM_0> for signal <state_reg>.
    -----------------------------------------------------------------------
    | States             | 8                                              |
    | Transitions        | 30                                             |
    | Inputs             | 9                                              |
    | Outputs            | 4                                              |
    | Clock              | clk (rising_edge)                              |
    | Reset              | stop_reg (positive)                            |
    | Reset type         | synchronous                                    |
    | Reset State        | idle                                           |
    | Power Up State     | idle                                           |
    | Encoding           | auto                                           |
    | Implementation     | LUT                                            |
    -----------------------------------------------------------------------
    Found 4-bit adder for signal <bits_processed_reg[3]_GND_11_o_add_38_OUT> created at line 224.
    Found 3-bit subtractor for signal <GND_11_o_GND_11_o_sub_5_OUT<2:0>> created at line 160.
    Found 3-bit subtractor for signal <GND_11_o_GND_11_o_sub_36_OUT<2:0>> created at line 221.
    Found 1-bit 8-to-1 multiplexer for signal <GND_11_o_data_to_master_reg[7]_Mux_36_o> created at line 221.
    Found 1-bit tristate buffer for signal <sda> created at line 293
    Found 4-bit comparator greater for signal <bits_processed_reg[3]_GND_11_o_LessThan_25_o> created at line 203
    Summary:
	inferred   3 Adder/Subtractor(s).
	inferred  48 D-type flip-flop(s).
	inferred   1 Comparator(s).
	inferred  29 Multiplexer(s).
	inferred   1 Tristate(s).
	inferred   1 Finite State Machine(s).
Unit <I2C_slave> synthesized.

Synthesizing Unit <debounce>.
    Related source file is "/home/pedro/Documents/ISE/Prueba_FPGA_ADC_Lectura_V2/debounce.vhd".
        WAIT_CYCLES = 4
    Found 1-bit register for signal <state_reg>.
    Found 2-bit register for signal <counter>.
    Found 1-bit register for signal <out_reg>.
    Found 1-bit register for signal <signal_in_reg>.
    Found 2-bit subtractor for signal <GND_12_o_GND_12_o_sub_3_OUT<1:0>> created at line 54.
    Summary:
	inferred   1 Adder/Subtractor(s).
	inferred   5 D-type flip-flop(s).
Unit <debounce> synthesized.

=========================================================================
HDL Synthesis Report

Macro Statistics
# Adders/Subtractors                                   : 6
 2-bit subtractor                                      : 2
 27-bit adder                                          : 1
 3-bit subtractor                                      : 2
 4-bit adder                                           : 1
# Registers                                            : 39
 1-bit register                                        : 21
 12-bit register                                       : 9
 2-bit register                                        : 2
 27-bit register                                       : 1
 4-bit register                                        : 1
 7-bit register                                        : 2
 8-bit register                                        : 3
# Comparators                                          : 2
 27-bit comparator greater                             : 1
 4-bit comparator greater                              : 1
# Multiplexers                                         : 30
 1-bit 2-to-1 multiplexer                              : 22
 1-bit 8-to-1 multiplexer                              : 1
 4-bit 2-to-1 multiplexer                              : 6
 8-bit 2-to-1 multiplexer                              : 1
# Tristates                                            : 1
 1-bit tristate buffer                                 : 1
# FSMs                                                 : 1
# Xors                                                 : 4
 1-bit xor2                                            : 4

=========================================================================

=========================================================================
*                       Advanced HDL Synthesis                          *
=========================================================================

WARNING:Xst:2677 - Node <muestras_adc_reg_10_8> of sequential type is unconnected in block <TOP_ADC_FPGA_V0>.
WARNING:Xst:2677 - Node <muestras_adc_reg_10_9> of sequential type is unconnected in block <TOP_ADC_FPGA_V0>.
WARNING:Xst:2677 - Node <muestras_adc_reg_10_10> of sequential type is unconnected in block <TOP_ADC_FPGA_V0>.
WARNING:Xst:2677 - Node <muestras_adc_reg_10_11> of sequential type is unconnected in block <TOP_ADC_FPGA_V0>.
WARNING:Xst:2677 - Node <muestras_adc_reg_9_8> of sequential type is unconnected in block <TOP_ADC_FPGA_V0>.
WARNING:Xst:2677 - Node <muestras_adc_reg_9_9> of sequential type is unconnected in block <TOP_ADC_FPGA_V0>.
WARNING:Xst:2677 - Node <muestras_adc_reg_9_10> of sequential type is unconnected in block <TOP_ADC_FPGA_V0>.
WARNING:Xst:2677 - Node <muestras_adc_reg_9_11> of sequential type is unconnected in block <TOP_ADC_FPGA_V0>.
WARNING:Xst:2677 - Node <muestras_adc_reg_8_8> of sequential type is unconnected in block <TOP_ADC_FPGA_V0>.
WARNING:Xst:2677 - Node <muestras_adc_reg_8_9> of sequential type is unconnected in block <TOP_ADC_FPGA_V0>.
WARNING:Xst:2677 - Node <muestras_adc_reg_8_10> of sequential type is unconnected in block <TOP_ADC_FPGA_V0>.
WARNING:Xst:2677 - Node <muestras_adc_reg_8_11> of sequential type is unconnected in block <TOP_ADC_FPGA_V0>.
WARNING:Xst:2677 - Node <muestras_adc_reg_7_8> of sequential type is unconnected in block <TOP_ADC_FPGA_V0>.
WARNING:Xst:2677 - Node <muestras_adc_reg_7_9> of sequential type is unconnected in block <TOP_ADC_FPGA_V0>.
WARNING:Xst:2677 - Node <muestras_adc_reg_7_10> of sequential type is unconnected in block <TOP_ADC_FPGA_V0>.
WARNING:Xst:2677 - Node <muestras_adc_reg_7_11> of sequential type is unconnected in block <TOP_ADC_FPGA_V0>.
WARNING:Xst:2677 - Node <muestras_adc_reg_6_8> of sequential type is unconnected in block <TOP_ADC_FPGA_V0>.
WARNING:Xst:2677 - Node <muestras_adc_reg_6_9> of sequential type is unconnected in block <TOP_ADC_FPGA_V0>.
WARNING:Xst:2677 - Node <muestras_adc_reg_6_10> of sequential type is unconnected in block <TOP_ADC_FPGA_V0>.
WARNING:Xst:2677 - Node <muestras_adc_reg_6_11> of sequential type is unconnected in block <TOP_ADC_FPGA_V0>.
WARNING:Xst:2677 - Node <muestras_adc_reg_5_8> of sequential type is unconnected in block <TOP_ADC_FPGA_V0>.
WARNING:Xst:2677 - Node <muestras_adc_reg_5_9> of sequential type is unconnected in block <TOP_ADC_FPGA_V0>.
WARNING:Xst:2677 - Node <muestras_adc_reg_5_10> of sequential type is unconnected in block <TOP_ADC_FPGA_V0>.
WARNING:Xst:2677 - Node <muestras_adc_reg_5_11> of sequential type is unconnected in block <TOP_ADC_FPGA_V0>.
WARNING:Xst:2677 - Node <muestras_adc_reg_4_8> of sequential type is unconnected in block <TOP_ADC_FPGA_V0>.
WARNING:Xst:2677 - Node <muestras_adc_reg_4_9> of sequential type is unconnected in block <TOP_ADC_FPGA_V0>.
WARNING:Xst:2677 - Node <muestras_adc_reg_4_10> of sequential type is unconnected in block <TOP_ADC_FPGA_V0>.
WARNING:Xst:2677 - Node <muestras_adc_reg_4_11> of sequential type is unconnected in block <TOP_ADC_FPGA_V0>.
WARNING:Xst:2677 - Node <muestras_adc_reg_3_8> of sequential type is unconnected in block <TOP_ADC_FPGA_V0>.
WARNING:Xst:2677 - Node <muestras_adc_reg_3_9> of sequential type is unconnected in block <TOP_ADC_FPGA_V0>.
WARNING:Xst:2677 - Node <muestras_adc_reg_3_10> of sequential type is unconnected in block <TOP_ADC_FPGA_V0>.
WARNING:Xst:2677 - Node <muestras_adc_reg_3_11> of sequential type is unconnected in block <TOP_ADC_FPGA_V0>.
WARNING:Xst:2677 - Node <muestras_adc_reg_2_8> of sequential type is unconnected in block <TOP_ADC_FPGA_V0>.
WARNING:Xst:2677 - Node <muestras_adc_reg_2_9> of sequential type is unconnected in block <TOP_ADC_FPGA_V0>.
WARNING:Xst:2677 - Node <muestras_adc_reg_2_10> of sequential type is unconnected in block <TOP_ADC_FPGA_V0>.
WARNING:Xst:2677 - Node <muestras_adc_reg_2_11> of sequential type is unconnected in block <TOP_ADC_FPGA_V0>.

Synthesizing (advanced) Unit <Div_Fre_Var>.
The following registers are absorbed into counter <Q_Bus>: 1 register on signal <Q_Bus>.
Unit <Div_Fre_Var> synthesized (advanced).

Synthesizing (advanced) Unit <debounce>.
The following registers are absorbed into counter <counter>: 1 register on signal <counter>.
Unit <debounce> synthesized (advanced).
WARNING:Xst:2677 - Node <muestras_adc_reg_10_8> of sequential type is unconnected in block <TOP_ADC_FPGA_V0>.
WARNING:Xst:2677 - Node <muestras_adc_reg_10_9> of sequential type is unconnected in block <TOP_ADC_FPGA_V0>.
WARNING:Xst:2677 - Node <muestras_adc_reg_10_10> of sequential type is unconnected in block <TOP_ADC_FPGA_V0>.
WARNING:Xst:2677 - Node <muestras_adc_reg_10_11> of sequential type is unconnected in block <TOP_ADC_FPGA_V0>.
WARNING:Xst:2677 - Node <muestras_adc_reg_9_8> of sequential type is unconnected in block <TOP_ADC_FPGA_V0>.
WARNING:Xst:2677 - Node <muestras_adc_reg_9_9> of sequential type is unconnected in block <TOP_ADC_FPGA_V0>.
WARNING:Xst:2677 - Node <muestras_adc_reg_9_10> of sequential type is unconnected in block <TOP_ADC_FPGA_V0>.
WARNING:Xst:2677 - Node <muestras_adc_reg_9_11> of sequential type is unconnected in block <TOP_ADC_FPGA_V0>.
WARNING:Xst:2677 - Node <muestras_adc_reg_8_8> of sequential type is unconnected in block <TOP_ADC_FPGA_V0>.
WARNING:Xst:2677 - Node <muestras_adc_reg_8_9> of sequential type is unconnected in block <TOP_ADC_FPGA_V0>.
WARNING:Xst:2677 - Node <muestras_adc_reg_8_10> of sequential type is unconnected in block <TOP_ADC_FPGA_V0>.
WARNING:Xst:2677 - Node <muestras_adc_reg_8_11> of sequential type is unconnected in block <TOP_ADC_FPGA_V0>.
WARNING:Xst:2677 - Node <muestras_adc_reg_7_8> of sequential type is unconnected in block <TOP_ADC_FPGA_V0>.
WARNING:Xst:2677 - Node <muestras_adc_reg_7_9> of sequential type is unconnected in block <TOP_ADC_FPGA_V0>.
WARNING:Xst:2677 - Node <muestras_adc_reg_7_10> of sequential type is unconnected in block <TOP_ADC_FPGA_V0>.
WARNING:Xst:2677 - Node <muestras_adc_reg_7_11> of sequential type is unconnected in block <TOP_ADC_FPGA_V0>.
WARNING:Xst:2677 - Node <muestras_adc_reg_6_8> of sequential type is unconnected in block <TOP_ADC_FPGA_V0>.
WARNING:Xst:2677 - Node <muestras_adc_reg_6_9> of sequential type is unconnected in block <TOP_ADC_FPGA_V0>.
WARNING:Xst:2677 - Node <muestras_adc_reg_6_10> of sequential type is unconnected in block <TOP_ADC_FPGA_V0>.
WARNING:Xst:2677 - Node <muestras_adc_reg_6_11> of sequential type is unconnected in block <TOP_ADC_FPGA_V0>.
WARNING:Xst:2677 - Node <muestras_adc_reg_5_8> of sequential type is unconnected in block <TOP_ADC_FPGA_V0>.
WARNING:Xst:2677 - Node <muestras_adc_reg_5_9> of sequential type is unconnected in block <TOP_ADC_FPGA_V0>.
WARNING:Xst:2677 - Node <muestras_adc_reg_5_10> of sequential type is unconnected in block <TOP_ADC_FPGA_V0>.
WARNING:Xst:2677 - Node <muestras_adc_reg_5_11> of sequential type is unconnected in block <TOP_ADC_FPGA_V0>.
WARNING:Xst:2677 - Node <muestras_adc_reg_4_8> of sequential type is unconnected in block <TOP_ADC_FPGA_V0>.
WARNING:Xst:2677 - Node <muestras_adc_reg_4_9> of sequential type is unconnected in block <TOP_ADC_FPGA_V0>.
WARNING:Xst:2677 - Node <muestras_adc_reg_4_10> of sequential type is unconnected in block <TOP_ADC_FPGA_V0>.
WARNING:Xst:2677 - Node <muestras_adc_reg_4_11> of sequential type is unconnected in block <TOP_ADC_FPGA_V0>.
WARNING:Xst:2677 - Node <muestras_adc_reg_3_8> of sequential type is unconnected in block <TOP_ADC_FPGA_V0>.
WARNING:Xst:2677 - Node <muestras_adc_reg_3_9> of sequential type is unconnected in block <TOP_ADC_FPGA_V0>.
WARNING:Xst:2677 - Node <muestras_adc_reg_3_10> of sequential type is unconnected in block <TOP_ADC_FPGA_V0>.
WARNING:Xst:2677 - Node <muestras_adc_reg_3_11> of sequential type is unconnected in block <TOP_ADC_FPGA_V0>.
WARNING:Xst:2677 - Node <muestras_adc_reg_2_8> of sequential type is unconnected in block <TOP_ADC_FPGA_V0>.
WARNING:Xst:2677 - Node <muestras_adc_reg_2_9> of sequential type is unconnected in block <TOP_ADC_FPGA_V0>.
WARNING:Xst:2677 - Node <muestras_adc_reg_2_10> of sequential type is unconnected in block <TOP_ADC_FPGA_V0>.
WARNING:Xst:2677 - Node <muestras_adc_reg_2_11> of sequential type is unconnected in block <TOP_ADC_FPGA_V0>.

=========================================================================
Advanced HDL Synthesis Report

Macro Statistics
# Adders/Subtractors                                   : 3
 3-bit subtractor                                      : 2
 4-bit adder                                           : 1
# Counters                                             : 3
 2-bit down counter                                    : 2
 27-bit up counter                                     : 1
# Registers                                            : 135
 Flip-Flops                                            : 135
# Comparators                                          : 2
 27-bit comparator greater                             : 1
 4-bit comparator greater                              : 1
# Multiplexers                                         : 30
 1-bit 2-to-1 multiplexer                              : 22
 1-bit 8-to-1 multiplexer                              : 1
 4-bit 2-to-1 multiplexer                              : 6
 8-bit 2-to-1 multiplexer                              : 1
# FSMs                                                 : 1
# Xors                                                 : 4
 1-bit xor2                                            : 4

=========================================================================

=========================================================================
*                         Low Level Synthesis                           *
=========================================================================
Analyzing FSM <MFsm> for best encoding.
Optimizing FSM <i2cSlave/FSM_0> on signal <state_reg[1:3]> with user encoding.
---------------------------------
 State               | Encoding
---------------------------------
 idle                | 000
 get_address_and_cmd | 001
 answer_ack_start    | 010
 write               | 011
 read                | 100
 read_ack_start      | 101
 read_ack_got_rising | 110
 read_stop           | 111
---------------------------------
WARNING:Xst:2677 - Node <i2cSlave/read_req_reg> of sequential type is unconnected in block <TOP_ADC_FPGA_V0>.

Optimizing unit <TOP_ADC_FPGA_V0> ...

Optimizing unit <debounce> ...
WARNING:Xst:1293 - FF/Latch <Inst_PWM_SIGNAL/Inst_Div_Fre_Var/Q_Bus_26> has a constant value of 0 in block <TOP_ADC_FPGA_V0>. This FF/Latch will be trimmed during the optimization process.
WARNING:Xst:1896 - Due to other FF/Latch trimming, FF/Latch <Inst_PWM_SIGNAL/Inst_Div_Fre_Var/Q_Bus_25> has a constant value of 0 in block <TOP_ADC_FPGA_V0>. This FF/Latch will be trimmed during the optimization process.
WARNING:Xst:1896 - Due to other FF/Latch trimming, FF/Latch <Inst_PWM_SIGNAL/Inst_Div_Fre_Var/Q_Bus_24> has a constant value of 0 in block <TOP_ADC_FPGA_V0>. This FF/Latch will be trimmed during the optimization process.
WARNING:Xst:1896 - Due to other FF/Latch trimming, FF/Latch <Inst_PWM_SIGNAL/Inst_Div_Fre_Var/Q_Bus_23> has a constant value of 0 in block <TOP_ADC_FPGA_V0>. This FF/Latch will be trimmed during the optimization process.
WARNING:Xst:1896 - Due to other FF/Latch trimming, FF/Latch <Inst_PWM_SIGNAL/Inst_Div_Fre_Var/Q_Bus_22> has a constant value of 0 in block <TOP_ADC_FPGA_V0>. This FF/Latch will be trimmed during the optimization process.
WARNING:Xst:1896 - Due to other FF/Latch trimming, FF/Latch <Inst_PWM_SIGNAL/Inst_Div_Fre_Var/Q_Bus_21> has a constant value of 0 in block <TOP_ADC_FPGA_V0>. This FF/Latch will be trimmed during the optimization process.
WARNING:Xst:1896 - Due to other FF/Latch trimming, FF/Latch <Inst_PWM_SIGNAL/Inst_Div_Fre_Var/Q_Bus_20> has a constant value of 0 in block <TOP_ADC_FPGA_V0>. This FF/Latch will be trimmed during the optimization process.
WARNING:Xst:1896 - Due to other FF/Latch trimming, FF/Latch <Inst_PWM_SIGNAL/Inst_Div_Fre_Var/Q_Bus_19> has a constant value of 0 in block <TOP_ADC_FPGA_V0>. This FF/Latch will be trimmed during the optimization process.
WARNING:Xst:1896 - Due to other FF/Latch trimming, FF/Latch <Inst_PWM_SIGNAL/Inst_Div_Fre_Var/Q_Bus_18> has a constant value of 0 in block <TOP_ADC_FPGA_V0>. This FF/Latch will be trimmed during the optimization process.
WARNING:Xst:1896 - Due to other FF/Latch trimming, FF/Latch <Inst_PWM_SIGNAL/Inst_Div_Fre_Var/Q_Bus_17> has a constant value of 0 in block <TOP_ADC_FPGA_V0>. This FF/Latch will be trimmed during the optimization process.
WARNING:Xst:1896 - Due to other FF/Latch trimming, FF/Latch <Inst_PWM_SIGNAL/Inst_Div_Fre_Var/Q_Bus_16> has a constant value of 0 in block <TOP_ADC_FPGA_V0>. This FF/Latch will be trimmed during the optimization process.
WARNING:Xst:1896 - Due to other FF/Latch trimming, FF/Latch <Inst_PWM_SIGNAL/Inst_Div_Fre_Var/Q_Bus_15> has a constant value of 0 in block <TOP_ADC_FPGA_V0>. This FF/Latch will be trimmed during the optimization process.
WARNING:Xst:1896 - Due to other FF/Latch trimming, FF/Latch <Inst_PWM_SIGNAL/Inst_Div_Fre_Var/Q_Bus_14> has a constant value of 0 in block <TOP_ADC_FPGA_V0>. This FF/Latch will be trimmed during the optimization process.
WARNING:Xst:1896 - Due to other FF/Latch trimming, FF/Latch <Inst_PWM_SIGNAL/Inst_Div_Fre_Var/Q_Bus_13> has a constant value of 0 in block <TOP_ADC_FPGA_V0>. This FF/Latch will be trimmed during the optimization process.
WARNING:Xst:1896 - Due to other FF/Latch trimming, FF/Latch <Inst_PWM_SIGNAL/Inst_Div_Fre_Var/Q_Bus_12> has a constant value of 0 in block <TOP_ADC_FPGA_V0>. This FF/Latch will be trimmed during the optimization process.
WARNING:Xst:1896 - Due to other FF/Latch trimming, FF/Latch <Inst_PWM_SIGNAL/Inst_Div_Fre_Var/Q_Bus_11> has a constant value of 0 in block <TOP_ADC_FPGA_V0>. This FF/Latch will be trimmed during the optimization process.
WARNING:Xst:1896 - Due to other FF/Latch trimming, FF/Latch <Inst_PWM_SIGNAL/Inst_Div_Fre_Var/Q_Bus_10> has a constant value of 0 in block <TOP_ADC_FPGA_V0>. This FF/Latch will be trimmed during the optimization process.
WARNING:Xst:1896 - Due to other FF/Latch trimming, FF/Latch <Inst_PWM_SIGNAL/Inst_Div_Fre_Var/Q_Bus_9> has a constant value of 0 in block <TOP_ADC_FPGA_V0>. This FF/Latch will be trimmed during the optimization process.
WARNING:Xst:1896 - Due to other FF/Latch trimming, FF/Latch <Inst_PWM_SIGNAL/Inst_Div_Fre_Var/Q_Bus_8> has a constant value of 0 in block <TOP_ADC_FPGA_V0>. This FF/Latch will be trimmed during the optimization process.
WARNING:Xst:1896 - Due to other FF/Latch trimming, FF/Latch <Inst_PWM_SIGNAL/Inst_Div_Fre_Var/Q_Bus_7> has a constant value of 0 in block <TOP_ADC_FPGA_V0>. This FF/Latch will be trimmed during the optimization process.
WARNING:Xst:1896 - Due to other FF/Latch trimming, FF/Latch <Inst_PWM_SIGNAL/Inst_Div_Fre_Var/Q_Bus_6> has a constant value of 0 in block <TOP_ADC_FPGA_V0>. This FF/Latch will be trimmed during the optimization process.
WARNING:Xst:1896 - Due to other FF/Latch trimming, FF/Latch <Inst_PWM_SIGNAL/Inst_Div_Fre_Var/Q_Bus_5> has a constant value of 0 in block <TOP_ADC_FPGA_V0>. This FF/Latch will be trimmed during the optimization process.

Mapping all equations...
Building and optimizing final netlist ...
Found area constraint ratio of 100 (+ 5) on block TOP_ADC_FPGA_V0, actual ratio is 4.
FlipFlop i2cSlave/SDA_debounce/out_reg has been replicated 1 time(s)
FlipFlop i2cSlave/bits_processed_reg_0 has been replicated 1 time(s)
FlipFlop i2cSlave/bits_processed_reg_1 has been replicated 1 time(s)
FlipFlop i2cSlave/bits_processed_reg_2 has been replicated 1 time(s)
FlipFlop i2cSlave/state_reg_FSM_FFd1 has been replicated 1 time(s)

Final Macro Processing ...

Processing Unit <TOP_ADC_FPGA_V0> :
	Found 9-bit shift register for signal <muestras_adc_reg_2_0>.
	Found 9-bit shift register for signal <muestras_adc_reg_2_1>.
	Found 9-bit shift register for signal <muestras_adc_reg_2_2>.
	Found 9-bit shift register for signal <muestras_adc_reg_2_3>.
	Found 9-bit shift register for signal <muestras_adc_reg_2_4>.
	Found 9-bit shift register for signal <muestras_adc_reg_2_5>.
	Found 9-bit shift register for signal <muestras_adc_reg_2_6>.
	Found 9-bit shift register for signal <muestras_adc_reg_2_7>.
Unit <TOP_ADC_FPGA_V0> processed.

=========================================================================
Final Register Report

Macro Statistics
# Registers                                            : 79
 Flip-Flops                                            : 79
# Shift Registers                                      : 8
 9-bit shift register                                  : 8

=========================================================================

=========================================================================
*                           Partition Report                            *
=========================================================================

Partition Implementation Status
-------------------------------

  No Partitions were found in this design.

-------------------------------

=========================================================================
*                            Design Summary                             *
=========================================================================

Top Level Output File Name         : TOP_ADC_FPGA_V0.ngc

Primitive and Black Box Usage:
------------------------------
# BELS                             : 120
#      GND                         : 1
#      INV                         : 3
#      LUT1                        : 4
#      LUT2                        : 8
#      LUT3                        : 21
#      LUT4                        : 9
#      LUT5                        : 21
#      LUT6                        : 34
#      MUXCY                       : 10
#      MUXF7                       : 3
#      VCC                         : 1
#      XORCY                       : 5
# FlipFlops/Latches                : 87
#      FD                          : 25
#      FDE                         : 46
#      FDR                         : 9
#      FDRE                        : 7
# Shift Registers                  : 8
#      SRLC16E                     : 8
# Clock Buffers                    : 2
#      BUFG                        : 1
#      BUFGP                       : 1
# IO Buffers                       : 23
#      IBUF                        : 13
#      IOBUF                       : 1
#      OBUF                        : 9

Device utilization summary:
---------------------------

Selected Device : 6slx9tqg144-2 


Slice Logic Utilization: 
 Number of Slice Registers:              87  out of  11440     0%  
 Number of Slice LUTs:                  108  out of   5720     1%  
    Number used as Logic:               100  out of   5720     1%  
    Number used as Memory:                8  out of   1440     0%  
       Number used as SRL:                8

Slice Logic Distribution: 
 Number of LUT Flip Flop pairs used:    114
   Number with an unused Flip Flop:      27  out of    114    23%  
   Number with an unused LUT:             6  out of    114     5%  
   Number of fully used LUT-FF pairs:    81  out of    114    71%  
   Number of unique control sets:        11

IO Utilization: 
 Number of IOs:                          24
 Number of bonded IOBs:                  24  out of    102    23%  

Specific Feature Utilization:
 Number of BUFG/BUFGCTRLs:                2  out of     16    12%  

---------------------------
Partition Resource Summary:
---------------------------

  No Partitions were found in this design.

---------------------------


=========================================================================
Timing Report

NOTE: THESE TIMING NUMBERS ARE ONLY A SYNTHESIS ESTIMATE.
      FOR ACCURATE TIMING INFORMATION PLEASE REFER TO THE TRACE REPORT
      GENERATED AFTER PLACE-and-ROUTE.

Clock Information:
------------------
-----------------------------------+------------------------+-------+
Clock Signal                       | Clock buffer(FF name)  | Load  |
-----------------------------------+------------------------+-------+
CLK                                | BUFGP                  | 79    |
Inst_PWM_SIGNAL/Inst_PWM/Q_Bus     | BUFG                   | 16    |
-----------------------------------+------------------------+-------+

Asynchronous Control Signals Information:
----------------------------------------
No asynchronous control signals found in this design

Timing Summary:
---------------
Speed Grade: -2

   Minimum period: 4.716ns (Maximum Frequency: 212.044MHz)
   Minimum input arrival time before clock: 2.338ns
   Maximum output required time after clock: 5.054ns
   Maximum combinational path delay: 4.965ns

Timing Details:
---------------
All values displayed in nanoseconds (ns)

=========================================================================
Timing constraint: Default period analysis for Clock 'CLK'
  Clock period: 4.716ns (frequency: 212.044MHz)
  Total number of paths / destination ports: 968 / 138
-------------------------------------------------------------------------
Delay:               4.716ns (Levels of Logic = 3)
  Source:            i2cSlave/bits_processed_reg_3 (FF)
  Destination:       i2cSlave/bits_processed_reg_3 (FF)
  Source Clock:      CLK rising
  Destination Clock: CLK rising

  Data Path: i2cSlave/bits_processed_reg_3 to i2cSlave/bits_processed_reg_3
                                Gate     Net
    Cell:in->out      fanout   Delay   Delay  Logical Name (Net Name)
    ----------------------------------------  ------------
     FDRE:C->Q            19   0.525   1.261  i2cSlave/bits_processed_reg_3 (i2cSlave/bits_processed_reg_3)
     LUT5:I4->O            8   0.254   1.052  i2cSlave/state_reg_FSM_FFd3-In11 (i2cSlave/state_reg_FSM_FFd3-In1)
     LUT6:I4->O            1   0.250   0.000  i2cSlave/_n0328_inv13_F (N16)
     MUXF7:I0->O           7   0.163   0.909  i2cSlave/_n0328_inv13 (i2cSlave/_n0328_inv1)
     FDRE:CE                   0.302          i2cSlave/bits_processed_reg_0
    ----------------------------------------
    Total                      4.716ns (1.494ns logic, 3.222ns route)
                                       (31.7% logic, 68.3% route)

=========================================================================
Timing constraint: Default period analysis for Clock 'Inst_PWM_SIGNAL/Inst_PWM/Q_Bus'
  Clock period: 1.820ns (frequency: 549.451MHz)
  Total number of paths / destination ports: 8 / 8
-------------------------------------------------------------------------
Delay:               1.820ns (Levels of Logic = 0)
  Source:            Mshreg_muestras_adc_reg_2_0 (FF)
  Destination:       muestras_adc_reg_2_0 (FF)
  Source Clock:      Inst_PWM_SIGNAL/Inst_PWM/Q_Bus rising
  Destination Clock: Inst_PWM_SIGNAL/Inst_PWM/Q_Bus rising

  Data Path: Mshreg_muestras_adc_reg_2_0 to muestras_adc_reg_2_0
                                Gate     Net
    Cell:in->out      fanout   Delay   Delay  Logical Name (Net Name)
    ----------------------------------------  ------------
     SRLC16E:CLK->Q        1   1.746   0.000  Mshreg_muestras_adc_reg_2_0 (Mshreg_muestras_adc_reg_2_0)
     FDE:D                     0.074          muestras_adc_reg_2_0
    ----------------------------------------
    Total                      1.820ns (1.820ns logic, 0.000ns route)
                                       (100.0% logic, 0.0% route)

=========================================================================
Timing constraint: Default OFFSET IN BEFORE for Clock 'CLK'
  Total number of paths / destination ports: 6 / 6
-------------------------------------------------------------------------
Offset:              2.338ns (Levels of Logic = 2)
  Source:            D<8> (PAD)
  Destination:       data_to_master_0 (FF)
  Destination Clock: CLK rising

  Data Path: D<8> to data_to_master_0
                                Gate     Net
    Cell:in->out      fanout   Delay   Delay  Logical Name (Net Name)
    ----------------------------------------  ------------
     IBUF:I->O             1   1.328   0.682  D_8_IBUF (D_8_IBUF)
     LUT3:I2->O            1   0.254   0.000  Mmux__n005711 (_n0057<0>)
     FDE:D                     0.074          data_to_master_0
    ----------------------------------------
    Total                      2.338ns (1.656ns logic, 0.682ns route)
                                       (70.8% logic, 29.2% route)

=========================================================================
Timing constraint: Default OFFSET IN BEFORE for Clock 'Inst_PWM_SIGNAL/Inst_PWM/Q_Bus'
  Total number of paths / destination ports: 8 / 8
-------------------------------------------------------------------------
Offset:              2.053ns (Levels of Logic = 1)
  Source:            D<0> (PAD)
  Destination:       Mshreg_muestras_adc_reg_2_0 (FF)
  Destination Clock: Inst_PWM_SIGNAL/Inst_PWM/Q_Bus rising

  Data Path: D<0> to Mshreg_muestras_adc_reg_2_0
                                Gate     Net
    Cell:in->out      fanout   Delay   Delay  Logical Name (Net Name)
    ----------------------------------------  ------------
     IBUF:I->O             2   1.328   0.725  D_0_IBUF (LED_0_OBUF)
     SRLC16E:D                -0.060          Mshreg_muestras_adc_reg_2_0
    ----------------------------------------
    Total                      2.053ns (1.328ns logic, 0.725ns route)
                                       (64.7% logic, 35.3% route)

=========================================================================
Timing constraint: Default OFFSET OUT AFTER for Clock 'CLK'
  Total number of paths / destination ports: 3 / 2
-------------------------------------------------------------------------
Offset:              5.054ns (Levels of Logic = 2)
  Source:            i2cSlave/sda_wen_reg (FF)
  Destination:       SDA (PAD)
  Source Clock:      CLK rising

  Data Path: i2cSlave/sda_wen_reg to SDA
                                Gate     Net
    Cell:in->out      fanout   Delay   Delay  Logical Name (Net Name)
    ----------------------------------------  ------------
     FD:C->Q               1   0.525   0.681  i2cSlave/sda_wen_reg (i2cSlave/sda_wen_reg)
     INV:I->O              1   0.255   0.681  i2cSlave/sda_wen_reg_inv1_INV_0 (i2cSlave/sda_wen_reg_inv)
     IOBUF:T->IO               2.912          SDA_IOBUF (SDA)
    ----------------------------------------
    Total                      5.054ns (3.692ns logic, 1.362ns route)
                                       (73.1% logic, 26.9% route)

=========================================================================
Timing constraint: Default path analysis
  Total number of paths / destination ports: 8 / 8
-------------------------------------------------------------------------
Delay:               4.965ns (Levels of Logic = 2)
  Source:            D<7> (PAD)
  Destination:       LED<7> (PAD)

  Data Path: D<7> to LED<7>
                                Gate     Net
    Cell:in->out      fanout   Delay   Delay  Logical Name (Net Name)
    ----------------------------------------  ------------
     IBUF:I->O             2   1.328   0.725  D_7_IBUF (LED_7_OBUF)
     OBUF:I->O                 2.912          LED_7_OBUF (LED<7>)
    ----------------------------------------
    Total                      4.965ns (4.240ns logic, 0.725ns route)
                                       (85.4% logic, 14.6% route)

=========================================================================

Cross Clock Domains Report:
--------------------------

Clock to Setup on destination clock CLK
------------------------------+---------+---------+---------+---------+
                              | Src:Rise| Src:Fall| Src:Rise| Src:Fall|
Source Clock                  |Dest:Rise|Dest:Rise|Dest:Fall|Dest:Fall|
------------------------------+---------+---------+---------+---------+
CLK                           |    4.716|         |         |         |
Inst_PWM_SIGNAL/Inst_PWM/Q_Bus|    1.639|         |         |         |
------------------------------+---------+---------+---------+---------+

Clock to Setup on destination clock Inst_PWM_SIGNAL/Inst_PWM/Q_Bus
------------------------------+---------+---------+---------+---------+
                              | Src:Rise| Src:Fall| Src:Rise| Src:Fall|
Source Clock                  |Dest:Rise|Dest:Rise|Dest:Fall|Dest:Fall|
------------------------------+---------+---------+---------+---------+
Inst_PWM_SIGNAL/Inst_PWM/Q_Bus|    1.820|         |         |         |
------------------------------+---------+---------+---------+---------+

=========================================================================


Total REAL time to Xst completion: 27.00 secs
Total CPU time to Xst completion: 25.31 secs
 
--> 


Total memory usage is 409100 kilobytes

Number of errors   :    0 (   0 filtered)
Number of warnings :   99 (   0 filtered)
Number of infos    :    1 (   0 filtered)

